
> norberts-spark@0.1.0 test /Applications/MAMP/htdocs/norberts-spark
> TURBO_SCM_BASE=origin/main turbo test:unit --affected

• turbo 2.8.11
• Packages in scope: //, @norberts-spark/backend
• Running test:unit in 2 packages
• Remote caching disabled
@norberts-spark/shared:build: cache hit, replaying logs 3e230174b8756136
@norberts-spark/shared:build: 
@norberts-spark/shared:build: 
@norberts-spark/shared:build: > @norberts-spark/shared@1.0.0 build /Applications/MAMP/htdocs/norberts-spark/packages/shared
@norberts-spark/shared:build: > pnpm run bundle:api && tsc -p tsconfig.build.json && openapi-typescript ./src/openapi.json --output ./dist/generated/openapi-types.ts
@norberts-spark/shared:build: 
@norberts-spark/shared:build: 
@norberts-spark/shared:build: > @norberts-spark/shared@1.0.0 bundle:api /Applications/MAMP/htdocs/norberts-spark/packages/shared
@norberts-spark/shared:build: > bash ./scripts/bundle-api.sh
@norberts-spark/shared:build: 
@norberts-spark/shared:build: 
@norberts-spark/shared:build:     ╔═══════════════════════════════════════════════════════╗
@norberts-spark/shared:build:     ║                                                       ║
@norberts-spark/shared:build:     ║  A new version of Redocly CLI (2.20.0) is available.  ║
@norberts-spark/shared:build:     ║  Update now: `npm i -g @redocly/cli@latest`.          ║
@norberts-spark/shared:build:     ║  Changelog: https://redocly.com/docs/cli/changelog/   ║
@norberts-spark/shared:build:     ║                                                       ║
@norberts-spark/shared:build:     ╚═══════════════════════════════════════════════════════╝
@norberts-spark/shared:build: 
@norberts-spark/shared:build: bundling src/openapi/openapi.json...
@norberts-spark/shared:build: 📦 Created a bundle for src/openapi/openapi.json at src/openapi.json 25ms.
@norberts-spark/shared:build: ✨ [1mopenapi-typescript 7.13.0[22m
@norberts-spark/shared:build: 🚀 [32m./src/openapi.json → [1m./dist/generated/openapi-types.ts[22m[39m [2m[74.1ms][22m
@norberts-spark/backend:test:unit: cache miss, executing 3d77d6dfc3f93653
@norberts-spark/backend:test:unit: 
@norberts-spark/backend:test:unit: > @norberts-spark/backend@1.0.0 test:unit /Applications/MAMP/htdocs/norberts-spark/apps/backend
@norberts-spark/backend:test:unit: > vitest run --hideSkippedTests
@norberts-spark/backend:test:unit: 
@norberts-spark/backend:test:unit: 
@norberts-spark/backend:test:unit: [1m[46m RUN [49m[22m [36mv4.0.18 [39m[90m/Applications/MAMP/htdocs/norberts-spark/apps/backend[39m
@norberts-spark/backend:test:unit: 
@norberts-spark/backend:test:unit: [90mstdout[2m | test/shared/utils/encryption.util.test.ts
@norberts-spark/backend:test:unit: [22m[39m[dotenv@17.3.1] injecting env (23) from .env -- tip: ⚡️ secrets for agents: https://dotenvx.com/as2
@norberts-spark/backend:test:unit: 
@norberts-spark/backend:test:unit: [90mstdout[2m | test/application/use-cases/register-user.use-case.test.ts
@norberts-spark/backend:test:unit: [22m[39m[dotenv@17.3.1] injecting env (23) from .env -- tip: ⚙️  load multiple .env files with { path: ['.env.local', '.env'] }
@norberts-spark/backend:test:unit: 
@norberts-spark/backend:test:unit: [90mstdout[2m | test/application/use-cases/login-user.use-case.test.ts
@norberts-spark/backend:test:unit: [22m[39m[dotenv@17.3.1] injecting env (23) from .env -- tip: ⚙️  enable debug logging with { debug: true }
@norberts-spark/backend:test:unit: 
@norberts-spark/backend:test:unit:  [32m✓[39m test/shared/utils/encryption.util.test.ts [2m([22m[2m11 tests[22m[2m)[22m[33m 2432[2mms[22m[39m
@norberts-spark/backend:test:unit:        [33m[2m✓[22m[39m should handle various secret formats [33m 833[2mms[22m[39m
@norberts-spark/backend:test:unit:        [33m[2m✓[22m[39m should successfully round-trip multiple times [33m 820[2mms[22m[39m
@norberts-spark/backend:test:unit: [90mstdout[2m | test/application/use-cases/refresh-access-token.use-case.test.ts
@norberts-spark/backend:test:unit: [22m[39m[dotenv@17.3.1] injecting env (23) from .env -- tip: 🛠️  run anywhere with `dotenvx run -- yourcommand`
@norberts-spark/backend:test:unit: 
@norberts-spark/backend:test:unit:  [32m✓[39m test/application/use-cases/get-all-users.use-case.test.ts [2m([22m[2m28 tests[22m[2m)[22m[33m 4779[2mms[22m[39m
@norberts-spark/backend:test:unit:        [33m[2m✓[22m[39m should fetch all users with default pagination [33m 363[2mms[22m[39m
@norberts-spark/backend:test:unit:        [33m[2m✓[22m[39m should preserve user roles in DTOs [33m 305[2mms[22m[39m
@norberts-spark/backend:test:unit:        [33m[2m✓[22m[39m should handle large limit [32m 300[2mms[22m[39m
@norberts-spark/backend:test:unit:        [33m[2m✓[22m[39m should handle users with unicode characters in names [33m 321[2mms[22m[39m
@norberts-spark/backend:test:unit:        [33m[2m✓[22m[39m should handle sequential calls with different pagination [33m 895[2mms[22m[39m
@norberts-spark/backend:test:unit:  [32m✓[39m test/application/use-cases/refresh-access-token.use-case.test.ts [2m([22m[2m30 tests[22m[2m)[22m[33m 2883[2mms[22m[39m
@norberts-spark/backend:test:unit:          [33m[2m✓[22m[39m should hash incoming refresh token and look it up [33m 344[2mms[22m[39m
@norberts-spark/backend:test:unit:          [33m[2m✓[22m[39m should generate new access token with correct JWT claims [33m 457[2mms[22m[39m
@norberts-spark/backend:test:unit:          [33m[2m✓[22m[39m should store new refresh token with same token family [33m 385[2mms[22m[39m
@norberts-spark/backend:test:unit:  [32m✓[39m test/application/use-cases/get-user-by-id.use-case.test.ts [2m([22m[2m32 tests[22m[2m)[22m[33m 5884[2mms[22m[39m
@norberts-spark/backend:test:unit:          [33m[2m✓[22m[39m should log warn only when user not found [33m 342[2mms[22m[39m
@norberts-spark/backend:test:unit:          [33m[2m✓[22m[39m should call repository for each user ID [33m 475[2mms[22m[39m
@norberts-spark/backend:test:unit:          [33m[2m✓[22m[39m should return User instance with working methods [33m 376[2mms[22m[39m
@norberts-spark/backend:test:unit:  [32m✓[39m test/application/use-cases/register-user.use-case.test.ts [2m([22m[2m36 tests[22m[2m)[22m[33m 6656[2mms[22m[39m
@norberts-spark/backend:test:unit:          [33m[2m✓[22m[39m should create Email value object from dto email [33m 342[2mms[22m[39m
@norberts-spark/backend:test:unit:          [33m[2m✓[22m[39m should not log to audit log when repository save fails with non-duplicate error [33m 569[2mms[22m[39m
@norberts-spark/backend:test:unit:          [33m[2m✓[22m[39m should return access_token from token generator [33m 346[2mms[22m[39m
@norberts-spark/backend:test:unit: [90mstdout[2m | test/infrastructure/database/index.test.ts[2m > [22m[2mDatabase Index[2m > [22m[2mPool Configuration[2m > [22m[2mshould create pool with correct configuration when DATABASE_URL is set
@norberts-spark/backend:test:unit: [22m[39m[dotenv@17.3.1] injecting env (23) from .env -- tip: ⚡️ secrets for agents: https://dotenvx.com/as2
@norberts-spark/backend:test:unit: 
@norberts-spark/backend:test:unit: [90mstdout[2m | test/infrastructure/database/index.test.ts[2m > [22m[2mDatabase Index[2m > [22m[2mPool Configuration[2m > [22m[2mshould create pool with correct configuration when DATABASE_URL is set
@norberts-spark/backend:test:unit: [22m[39mConnecting to database...
@norberts-spark/backend:test:unit: 
@norberts-spark/backend:test:unit: [90mstdout[2m | test/infrastructure/database/index.test.ts[2m > [22m[2mDatabase Index[2m > [22m[2mPool Configuration[2m > [22m[2mshould configure SSL as false when DATABASE_SSL_ENABLED is not true
@norberts-spark/backend:test:unit: [22m[39m[dotenv@17.3.1] injecting env (23) from .env -- tip: ⚡️ secrets for agents: https://dotenvx.com/as2
@norberts-spark/backend:test:unit: 
@norberts-spark/backend:test:unit: [90mstdout[2m | test/infrastructure/database/index.test.ts[2m > [22m[2mDatabase Index[2m > [22m[2mPool Configuration[2m > [22m[2mshould configure SSL as false when DATABASE_SSL_ENABLED is not true
@norberts-spark/backend:test:unit: [22m[39mConnecting to database...
@norberts-spark/backend:test:unit: 
@norberts-spark/backend:test:unit: [90mstdout[2m | test/infrastructure/database/index.test.ts[2m > [22m[2mDatabase Index[2m > [22m[2mPool Configuration[2m > [22m[2mshould enable SSL when DATABASE_SSL_ENABLED is true
@norberts-spark/backend:test:unit: [22m[39m[dotenv@17.3.1] injecting env (23) from .env -- tip: 🛠️  run anywhere with `dotenvx run -- yourcommand`
@norberts-spark/backend:test:unit: 
@norberts-spark/backend:test:unit: [90mstdout[2m | test/infrastructure/database/index.test.ts[2m > [22m[2mDatabase Index[2m > [22m[2mPool Configuration[2m > [22m[2mshould enable SSL when DATABASE_SSL_ENABLED is true
@norberts-spark/backend:test:unit: [22m[39mConnecting to database...
@norberts-spark/backend:test:unit: 
@norberts-spark/backend:test:unit: [90mstdout[2m | test/infrastructure/database/index.test.ts[2m > [22m[2mDatabase Index[2m > [22m[2mPool Configuration[2m > [22m[2mshould set rejectUnauthorized to false when DATABASE_SSL_REJECT_UNAUTHORIZED is false
@norberts-spark/backend:test:unit: [22m[39m[dotenv@17.3.1] injecting env (23) from .env -- tip: ⚙️  override existing env vars with { override: true }
@norberts-spark/backend:test:unit: 
@norberts-spark/backend:test:unit: [90mstdout[2m | test/infrastructure/database/index.test.ts[2m > [22m[2mDatabase Index[2m > [22m[2mPool Configuration[2m > [22m[2mshould set rejectUnauthorized to false when DATABASE_SSL_REJECT_UNAUTHORIZED is false
@norberts-spark/backend:test:unit: [22m[39mConnecting to database...
@norberts-spark/backend:test:unit: 
@norberts-spark/backend:test:unit: [90mstdout[2m | test/infrastructure/database/index.test.ts[2m > [22m[2mDatabase Index[2m > [22m[2mPool Configuration[2m > [22m[2mshould enable SSL with rejectUnauthorized true by default when DATABASE_SSL_ENABLED is true
@norberts-spark/backend:test:unit: [22m[39m[dotenv@17.3.1] injecting env (23) from .env -- tip: ⚙️  write to custom object with { processEnv: myObject }
@norberts-spark/backend:test:unit: 
@norberts-spark/backend:test:unit: [90mstdout[2m | test/infrastructure/database/index.test.ts[2m > [22m[2mDatabase Index[2m > [22m[2mPool Configuration[2m > [22m[2mshould enable SSL with rejectUnauthorized true by default when DATABASE_SSL_ENABLED is true
@norberts-spark/backend:test:unit: [22m[39mConnecting to database...
@norberts-spark/backend:test:unit: 
@norberts-spark/backend:test:unit: [90mstdout[2m | test/infrastructure/database/index.test.ts[2m > [22m[2mDatabase Index[2m > [22m[2mError Handling[2m > [22m[2mshould throw ValidationException when DATABASE_URL is undefined
@norberts-spark/backend:test:unit: [22m[39m[dotenv@17.3.1] injecting env (23) from .env -- tip: ⚙️  override existing env vars with { override: true }
@norberts-spark/backend:test:unit: 
@norberts-spark/backend:test:unit: [90mstdout[2m | test/infrastructure/database/index.test.ts[2m > [22m[2mDatabase Index[2m > [22m[2mError Handling[2m > [22m[2mshould throw ValidationException when DATABASE_URL is undefined
@norberts-spark/backend:test:unit: [22m[39mConnecting to database...
@norberts-spark/backend:test:unit: 
@norberts-spark/backend:test:unit: [90mstdout[2m | test/infrastructure/database/index.test.ts[2m > [22m[2mDatabase Index[2m > [22m[2mDrizzle Instance[2m > [22m[2mshould initialize drizzle instance with pool
@norberts-spark/backend:test:unit: [22m[39m[dotenv@17.3.1] injecting env (23) from .env -- tip: ⚡️ secrets for agents: https://dotenvx.com/as2
@norberts-spark/backend:test:unit: 
@norberts-spark/backend:test:unit: [90mstdout[2m | test/infrastructure/database/index.test.ts[2m > [22m[2mDatabase Index[2m > [22m[2mDrizzle Instance[2m > [22m[2mshould initialize drizzle instance with pool
@norberts-spark/backend:test:unit: [22m[39mConnecting to database...
@norberts-spark/backend:test:unit: 
@norberts-spark/backend:test:unit: [90mstdout[2m | test/infrastructure/database/index.test.ts[2m > [22m[2mDatabase Index[2m > [22m[2mDrizzle Instance[2m > [22m[2mshould export both pool and db instances
@norberts-spark/backend:test:unit: [22m[39m[dotenv@17.3.1] injecting env (23) from .env -- tip: 🛠️  run anywhere with `dotenvx run -- yourcommand`
@norberts-spark/backend:test:unit: 
@norberts-spark/backend:test:unit: [90mstdout[2m | test/infrastructure/database/index.test.ts[2m > [22m[2mDatabase Index[2m > [22m[2mDrizzle Instance[2m > [22m[2mshould export both pool and db instances
@norberts-spark/backend:test:unit: [22m[39mConnecting to database...
@norberts-spark/backend:test:unit: 
@norberts-spark/backend:test:unit:  [32m✓[39m test/domain/entities/user-2fa.test.ts [2m([22m[2m11 tests[22m[2m)[22m[33m 2932[2mms[22m[39m
@norberts-spark/backend:test:unit:        [33m[2m✓[22m[39m should throw error when enabling 2FA with whitespace-only secret [33m 376[2mms[22m[39m
@norberts-spark/backend:test:unit:        [33m[2m✓[22m[39m should update the 2FA secret when 2FA is enabled [33m 303[2mms[22m[39m
@norberts-spark/backend:test:unit:        [33m[2m✓[22m[39m should throw error when updating secret with 2FA disabled [33m 341[2mms[22m[39m
@norberts-spark/backend:test:unit:        [33m[2m✓[22m[39m should throw error when updating with whitespace-only secret [33m 529[2mms[22m[39m
@norberts-spark/backend:test:unit: [90mstdout[2m | test/infrastructure/database/index.test.ts[2m > [22m[2mDatabase Index[2m > [22m[2mDrizzle Instance[2m > [22m[2mshould create drizzle instance that is ready to use
@norberts-spark/backend:test:unit: [22m[39m[dotenv@17.3.1] injecting env (23) from .env -- tip: 🛠️  run anywhere with `dotenvx run -- yourcommand`
@norberts-spark/backend:test:unit: 
@norberts-spark/backend:test:unit: [90mstdout[2m | test/infrastructure/database/index.test.ts[2m > [22m[2mDatabase Index[2m > [22m[2mDrizzle Instance[2m > [22m[2mshould create drizzle instance that is ready to use
@norberts-spark/backend:test:unit: [22m[39mConnecting to database...
@norberts-spark/backend:test:unit: 
@norberts-spark/backend:test:unit: [90mstdout[2m | test/infrastructure/database/index.test.ts[2m > [22m[2mDatabase Index[2m > [22m[2mPool Error Handling[2m > [22m[2mshould attach error handler to pool
@norberts-spark/backend:test:unit: [22m[39m[dotenv@17.3.1] injecting env (23) from .env -- tip: ⚡️ secrets for agents: https://dotenvx.com/as2
@norberts-spark/backend:test:unit: 
@norberts-spark/backend:test:unit: [90mstdout[2m | test/infrastructure/database/index.test.ts[2m > [22m[2mDatabase Index[2m > [22m[2mPool Error Handling[2m > [22m[2mshould attach error handler to pool
@norberts-spark/backend:test:unit: [22m[39mConnecting to database...
@norberts-spark/backend:test:unit: 
@norberts-spark/backend:test:unit: [90mstdout[2m | test/infrastructure/database/index.test.ts[2m > [22m[2mDatabase Index[2m > [22m[2mEnvironment-specific Configuration[2m > [22m[2mshould use SSL configuration based on environment variables
@norberts-spark/backend:test:unit: [22m[39m[dotenv@17.3.1] injecting env (23) from .env -- tip: ⚙️  write to custom object with { processEnv: myObject }
@norberts-spark/backend:test:unit: 
@norberts-spark/backend:test:unit: [90mstdout[2m | test/infrastructure/database/index.test.ts[2m > [22m[2mDatabase Index[2m > [22m[2mEnvironment-specific Configuration[2m > [22m[2mshould use SSL configuration based on environment variables
@norberts-spark/backend:test:unit: [22m[39mConnecting to database...
@norberts-spark/backend:test:unit: 
@norberts-spark/backend:test:unit: [90mstdout[2m | test/infrastructure/database/index.test.ts[2m > [22m[2mDatabase Index[2m > [22m[2mEnvironment-specific Configuration[2m > [22m[2mshould handle development environment without SSL
@norberts-spark/backend:test:unit: [22m[39m[dotenv@17.3.1] injecting env (23) from .env -- tip: ⚙️  override existing env vars with { override: true }
@norberts-spark/backend:test:unit: 
@norberts-spark/backend:test:unit: [90mstdout[2m | test/infrastructure/database/index.test.ts[2m > [22m[2mDatabase Index[2m > [22m[2mEnvironment-specific Configuration[2m > [22m[2mshould handle development environment without SSL
@norberts-spark/backend:test:unit: [22m[39mConnecting to database...
@norberts-spark/backend:test:unit: 
@norberts-spark/backend:test:unit: [90mstdout[2m | test/infrastructure/database/index.test.ts[2m > [22m[2mDatabase Index[2m > [22m[2mEnvironment-specific Configuration[2m > [22m[2mshould handle test environment without SSL
@norberts-spark/backend:test:unit: [22m[39m[dotenv@17.3.1] injecting env (23) from .env -- tip: ⚙️  suppress all logs with { quiet: true }
@norberts-spark/backend:test:unit: 
@norberts-spark/backend:test:unit: [90mstdout[2m | test/infrastructure/database/index.test.ts[2m > [22m[2mDatabase Index[2m > [22m[2mEnvironment-specific Configuration[2m > [22m[2mshould handle test environment without SSL
@norberts-spark/backend:test:unit: [22m[39mConnecting to database...
@norberts-spark/backend:test:unit: 
@norberts-spark/backend:test:unit: [90mstdout[2m | test/infrastructure/database/index.test.ts[2m > [22m[2mDatabase Index[2m > [22m[2mEnvironment-specific Configuration[2m > [22m[2mshould configure pool with correct timeout and size settings
@norberts-spark/backend:test:unit: [22m[39m[dotenv@17.3.1] injecting env (23) from .env -- tip: ⚙️  specify custom .env file path with { path: '/custom/path/.env' }
@norberts-spark/backend:test:unit: 
@norberts-spark/backend:test:unit: [90mstdout[2m | test/infrastructure/database/index.test.ts[2m > [22m[2mDatabase Index[2m > [22m[2mEnvironment-specific Configuration[2m > [22m[2mshould configure pool with correct timeout and size settings
@norberts-spark/backend:test:unit: [22m[39mConnecting to database...
@norberts-spark/backend:test:unit: 
@norberts-spark/backend:test:unit:  [32m✓[39m test/infrastructure/database/index.test.ts [2m([22m[2m14 tests[22m[2m)[22m[33m 2574[2mms[22m[39m
@norberts-spark/backend:test:unit:        [33m[2m✓[22m[39m should create pool with correct configuration when DATABASE_URL is set [33m 2335[2mms[22m[39m
@norberts-spark/backend:test:unit: [90mstdout[2m | test/infrastructure/http/helmet-security.test.ts
@norberts-spark/backend:test:unit: [22m[39m[dotenv@17.3.1] injecting env (23) from .env -- tip: ⚡️ secrets for agents: https://dotenvx.com/as2
@norberts-spark/backend:test:unit: 
@norberts-spark/backend:test:unit:  [32m✓[39m test/shared/utils/file.util.test.ts [2m([22m[2m71 tests[22m[2m)[22m[33m 832[2mms[22m[39m
@norberts-spark/backend:test:unit:  [32m✓[39m test/shared/utils/pdf.utils.test.ts [2m([22m[2m26 tests[22m[2m)[22m[33m 872[2mms[22m[39m
@norberts-spark/backend:test:unit:        [33m[2m✓[22m[39m should extract only PDF files from a zip buffer [33m 334[2mms[22m[39m
@norberts-spark/backend:test:unit: [90mstdout[2m | test/adapters/primary/http/ai.controller.test.ts
@norberts-spark/backend:test:unit: [22m[39m[dotenv@17.3.1] injecting env (23) from .env -- tip: 🔐 prevent committing .env to code: https://dotenvx.com/precommit
@norberts-spark/backend:test:unit: 
@norberts-spark/backend:test:unit: [90mstdout[2m | test/adapters/primary/http/ai.controller.test.ts
@norberts-spark/backend:test:unit: [22m[39mConnecting to database...
@norberts-spark/backend:test:unit: 
@norberts-spark/backend:test:unit:  [32m✓[39m test/adapters/secondary/services/logger.service.test.ts [2m([22m[2m34 tests[22m[2m)[22m[32m 193[2mms[22m[39m
@norberts-spark/backend:test:unit: [90mstdout[2m | test/infrastructure/config/env.config.test.ts[2m > [22m[2mEnvConfig[2m > [22m[2mNODE_ENV[2m > [22m[2mshould use NODE_ENV from environment when set
@norberts-spark/backend:test:unit: [22m[39m[dotenv@17.3.1] injecting env (23) from .env -- tip: 🔐 prevent building .env in docker: https://dotenvx.com/prebuild
@norberts-spark/backend:test:unit: 
@norberts-spark/backend:test:unit: [90mstdout[2m | test/infrastructure/config/env.config.test.ts[2m > [22m[2mEnvConfig[2m > [22m[2mNODE_ENV[2m > [22m[2mshould default to "development" when NODE_ENV is not set
@norberts-spark/backend:test:unit: [22m[39m[dotenv@17.3.1] injecting env (24) from .env -- tip: 🛡️ auth for agents: https://vestauth.com
@norberts-spark/backend:test:unit: 
@norberts-spark/backend:test:unit: [90mstdout[2m | test/infrastructure/config/env.config.test.ts[2m > [22m[2mEnvConfig[2m > [22m[2mNODE_ENV[2m > [22m[2mshould be a static property
@norberts-spark/backend:test:unit: [22m[39m[dotenv@17.3.1] injecting env (23) from .env -- tip: 🔐 encrypt with Dotenvx: https://dotenvx.com
@norberts-spark/backend:test:unit: 
@norberts-spark/backend:test:unit: [90mstdout[2m | test/infrastructure/config/env.config.test.ts[2m > [22m[2mEnvConfig[2m > [22m[2mDATABASE_URL[2m > [22m[2mshould be a static readonly property
@norberts-spark/backend:test:unit: [22m[39m[dotenv@17.3.1] injecting env (23) from .env -- tip: 🛡️ auth for agents: https://vestauth.com
@norberts-spark/backend:test:unit: 
@norberts-spark/backend:test:unit: [90mstdout[2m | test/infrastructure/config/env.config.test.ts[2m > [22m[2mEnvConfig[2m > [22m[2mDATABASE_URL[2m > [22m[2mshould have type Obscured<string | undefined>
@norberts-spark/backend:test:unit: [22m[39m[dotenv@17.3.1] injecting env (23) from .env -- tip: 🔐 encrypt with Dotenvx: https://dotenvx.com
@norberts-spark/backend:test:unit: 
@norberts-spark/backend:test:unit: [90mstdout[2m | test/infrastructure/config/env.config.test.ts[2m > [22m[2mEnvConfig[2m > [22m[2mRESEND_API_KEY[2m > [22m[2mshould be a static readonly property
@norberts-spark/backend:test:unit: [22m[39m[dotenv@17.3.1] injecting env (23) from .env -- tip: ⚙️  suppress all logs with { quiet: true }
@norberts-spark/backend:test:unit: 
@norberts-spark/backend:test:unit: [90mstdout[2m | test/infrastructure/config/env.config.test.ts[2m > [22m[2mEnvConfig[2m > [22m[2mRESEND_API_KEY[2m > [22m[2mshould have type Obscured<string | undefined>
@norberts-spark/backend:test:unit: [22m[39m[dotenv@17.3.1] injecting env (23) from .env -- tip: ⚙️  specify custom .env file path with { path: '/custom/path/.env' }
@norberts-spark/backend:test:unit: 
@norberts-spark/backend:test:unit: [90mstdout[2m | test/infrastructure/config/env.config.test.ts[2m > [22m[2mEnvConfig[2m > [22m[2mRESEND_API_KEY[2m > [22m[2mshould obscure the actual API key value
@norberts-spark/backend:test:unit: [22m[39m[dotenv@17.3.1] injecting env (23) from .env -- tip: 🔐 prevent building .env in docker: https://dotenvx.com/prebuild
@norberts-spark/backend:test:unit: 
@norberts-spark/backend:test:unit: [90mstdout[2m | test/infrastructure/config/env.config.test.ts[2m > [22m[2mEnvConfig[2m > [22m[2mEMAIL_FROM_ADDRESS[2m > [22m[2mshould be a static readonly property
@norberts-spark/backend:test:unit: [22m[39m[dotenv@17.3.1] injecting env (23) from .env -- tip: ⚙️  suppress all logs with { quiet: true }
@norberts-spark/backend:test:unit: 
@norberts-spark/backend:test:unit: [90mstdout[2m | test/infrastructure/config/env.config.test.ts[2m > [22m[2mEnvConfig[2m > [22m[2mEMAIL_FROM_ADDRESS[2m > [22m[2mshould use EMAIL_FROM_ADDRESS from environment when set
@norberts-spark/backend:test:unit: [22m[39m[dotenv@17.3.1] injecting env (23) from .env -- tip: ⚙️  load multiple .env files with { path: ['.env.local', '.env'] }
@norberts-spark/backend:test:unit: 
@norberts-spark/backend:test:unit: [90mstdout[2m | test/infrastructure/config/env.config.test.ts[2m > [22m[2mEnvConfig[2m > [22m[2mEMAIL_FROM_ADDRESS[2m > [22m[2mshould default to empty string when EMAIL_FROM_ADDRESS is not set
@norberts-spark/backend:test:unit: [22m[39m[dotenv@17.3.1] injecting env (23) from .env -- tip: ⚙️  write to custom object with { processEnv: myObject }
@norberts-spark/backend:test:unit: 
@norberts-spark/backend:test:unit: [90mstdout[2m | test/infrastructure/config/env.config.test.ts[2m > [22m[2mEnvConfig[2m > [22m[2mEMAIL_FROM_ADDRESS[2m > [22m[2mshould have type string
@norberts-spark/backend:test:unit: [22m[39m[dotenv@17.3.1] injecting env (23) from .env -- tip: 🛠️  run anywhere with `dotenvx run -- yourcommand`
@norberts-spark/backend:test:unit: 
@norberts-spark/backend:test:unit: [90mstdout[2m | test/infrastructure/config/env.config.test.ts[2m > [22m[2mEnvConfig[2m > [22m[2mEMAIL_FROM_ADDRESS[2m > [22m[2mshould not be obscured (plain string value)
@norberts-spark/backend:test:unit: [22m[39m[dotenv@17.3.1] injecting env (23) from .env -- tip: ⚡️ secrets for agents: https://dotenvx.com/as2
@norberts-spark/backend:test:unit: 
@norberts-spark/backend:test:unit: [90mstdout[2m | test/infrastructure/config/env.config.test.ts[2m > [22m[2mEnvConfig[2m > [22m[2mHOST[2m > [22m[2mshould be a static readonly property
@norberts-spark/backend:test:unit: [22m[39m[dotenv@17.3.1] injecting env (22) from .env -- tip: ⚙️  load multiple .env files with { path: ['.env.local', '.env'] }
@norberts-spark/backend:test:unit: 
@norberts-spark/backend:test:unit: [90mstdout[2m | test/infrastructure/config/env.config.test.ts[2m > [22m[2mEnvConfig[2m > [22m[2mHOST[2m > [22m[2mshould use HOST from environment when set
@norberts-spark/backend:test:unit: [22m[39m[dotenv@17.3.1] injecting env (22) from .env -- tip: 🔐 prevent building .env in docker: https://dotenvx.com/prebuild
@norberts-spark/backend:test:unit: 
@norberts-spark/backend:test:unit: [90mstdout[2m | test/infrastructure/config/env.config.test.ts[2m > [22m[2mEnvConfig[2m > [22m[2mHOST[2m > [22m[2mshould default to "127.0.0.1" when HOST is not set
@norberts-spark/backend:test:unit: [22m[39m[dotenv@17.3.1] injecting env (23) from .env -- tip: ⚙️  write to custom object with { processEnv: myObject }
@norberts-spark/backend:test:unit: 
@norberts-spark/backend:test:unit: [90mstdout[2m | test/infrastructure/config/env.config.test.ts[2m > [22m[2mEnvConfig[2m > [22m[2mHOST[2m > [22m[2mshould have type string
@norberts-spark/backend:test:unit: [22m[39m[dotenv@17.3.1] injecting env (22) from .env -- tip: ⚡️ secrets for agents: https://dotenvx.com/as2
@norberts-spark/backend:test:unit: 
@norberts-spark/backend:test:unit: [90mstdout[2m | test/infrastructure/config/env.config.test.ts[2m > [22m[2mEnvConfig[2m > [22m[2mHOST[2m > [22m[2mshould not be obscured (plain string value)
@norberts-spark/backend:test:unit: [22m[39m[dotenv@17.3.1] injecting env (22) from .env -- tip: 🔐 encrypt with Dotenvx: https://dotenvx.com
@norberts-spark/backend:test:unit: 
@norberts-spark/backend:test:unit: [90mstdout[2m | test/infrastructure/config/env.config.test.ts[2m > [22m[2mEnvConfig[2m > [22m[2mHOST[2m > [22m[2mshould accept IPv4 addresses
@norberts-spark/backend:test:unit: [22m[39m[dotenv@17.3.1] injecting env (22) from .env -- tip: 🤖 agentic secret storage: https://dotenvx.com/as2
@norberts-spark/backend:test:unit: 
@norberts-spark/backend:test:unit: [90mstdout[2m | test/infrastructure/config/env.config.test.ts[2m > [22m[2mEnvConfig[2m > [22m[2mHOST[2m > [22m[2mshould accept IPv6 addresses
@norberts-spark/backend:test:unit: [22m[39m[dotenv@17.3.1] injecting env (22) from .env -- tip: ⚙️  override existing env vars with { override: true }
@norberts-spark/backend:test:unit: 
@norberts-spark/backend:test:unit: [90mstdout[2m | test/infrastructure/config/env.config.test.ts[2m > [22m[2mEnvConfig[2m > [22m[2mUSE_HTTPS[2m > [22m[2mshould be a static readonly property
@norberts-spark/backend:test:unit: [22m[39m[dotenv@17.3.1] injecting env (22) from .env -- tip: 🔐 encrypt with Dotenvx: https://dotenvx.com
@norberts-spark/backend:test:unit: 
@norberts-spark/backend:test:unit: [90mstdout[2m | test/infrastructure/config/env.config.test.ts[2m > [22m[2mEnvConfig[2m > [22m[2mUSE_HTTPS[2m > [22m[2mshould use USE_HTTPS from environment when set
@norberts-spark/backend:test:unit: [22m[39m[dotenv@17.3.1] injecting env (22) from .env -- tip: 🔐 prevent building .env in docker: https://dotenvx.com/prebuild
@norberts-spark/backend:test:unit: 
@norberts-spark/backend:test:unit: [90mstdout[2m | test/infrastructure/config/env.config.test.ts[2m > [22m[2mEnvConfig[2m > [22m[2mUSE_HTTPS[2m > [22m[2mshould default to "true" when USE_HTTPS is not set
@norberts-spark/backend:test:unit: [22m[39m[dotenv@17.3.1] injecting env (23) from .env -- tip: ⚙️  load multiple .env files with { path: ['.env.local', '.env'] }
@norberts-spark/backend:test:unit: 
@norberts-spark/backend:test:unit: [90mstdout[2m | test/infrastructure/config/env.config.test.ts[2m > [22m[2mEnvConfig[2m > [22m[2mUSE_HTTPS[2m > [22m[2mshould have type string
@norberts-spark/backend:test:unit: [22m[39m[dotenv@17.3.1] injecting env (22) from .env -- tip: 🔐 prevent committing .env to code: https://dotenvx.com/precommit
@norberts-spark/backend:test:unit: 
@norberts-spark/backend:test:unit: [90mstdout[2m | test/infrastructure/config/env.config.test.ts[2m > [22m[2mEnvConfig[2m > [22m[2mUSE_HTTPS[2m > [22m[2mshould not be obscured (plain string value)
@norberts-spark/backend:test:unit: [22m[39m[dotenv@17.3.1] injecting env (22) from .env -- tip: ⚙️  override existing env vars with { override: true }
@norberts-spark/backend:test:unit: 
@norberts-spark/backend:test:unit: [90mstdout[2m | test/infrastructure/config/env.config.test.ts[2m > [22m[2mEnvConfig[2m > [22m[2mUSE_HTTPS[2m > [22m[2mshould accept "true" value
@norberts-spark/backend:test:unit: [22m[39m[dotenv@17.3.1] injecting env (22) from .env -- tip: 🤖 agentic secret storage: https://dotenvx.com/as2
@norberts-spark/backend:test:unit: 
@norberts-spark/backend:test:unit: [90mstdout[2m | test/infrastructure/config/env.config.test.ts[2m > [22m[2mEnvConfig[2m > [22m[2mUSE_HTTPS[2m > [22m[2mshould accept "false" value
@norberts-spark/backend:test:unit: [22m[39m[dotenv@17.3.1] injecting env (22) from .env -- tip: ⚙️  suppress all logs with { quiet: true }
@norberts-spark/backend:test:unit: 
@norberts-spark/backend:test:unit: [90mstdout[2m | test/infrastructure/config/env.config.test.ts[2m > [22m[2mEnvConfig[2m > [22m[2mUSE_HTTPS[2m > [22m[2mshould accept any string value (not strictly boolean)
@norberts-spark/backend:test:unit: [22m[39m[dotenv@17.3.1] injecting env (22) from .env -- tip: ⚙️  enable debug logging with { debug: true }
@norberts-spark/backend:test:unit: 
@norberts-spark/backend:test:unit: [90mstdout[2m | test/infrastructure/config/env.config.test.ts[2m > [22m[2mEnvConfig[2m > [22m[2mAPI_VERSION[2m > [22m[2mshould be a static readonly property
@norberts-spark/backend:test:unit: [22m[39m[dotenv@17.3.1] injecting env (22) from .env -- tip: 🛡️ auth for agents: https://vestauth.com
@norberts-spark/backend:test:unit: 
@norberts-spark/backend:test:unit: [90mstdout[2m | test/infrastructure/config/env.config.test.ts[2m > [22m[2mEnvConfig[2m > [22m[2mAPI_VERSION[2m > [22m[2mshould use API_VERSION from environment when set
@norberts-spark/backend:test:unit: [22m[39m[dotenv@17.3.1] injecting env (22) from .env -- tip: ⚙️  specify custom .env file path with { path: '/custom/path/.env' }
@norberts-spark/backend:test:unit: 
@norberts-spark/backend:test:unit: {"level":30,"time":1772404797391,"pid":56337,"hostname":"Andrews-MacBook-Air.local","reqId":"req-1","req":{"method":"GET","url":"/health","headers":{"user-agent":"lightMyRequest","host":"localhost:80"},"hostname":"localhost","remoteAddress":"127.0.0.1"},"msg":"incoming request"}
@norberts-spark/backend:test:unit: [90mstdout[2m | test/infrastructure/config/env.config.test.ts[2m > [22m[2mEnvConfig[2m > [22m[2mAPI_VERSION[2m > [22m[2mshould have type string when set
@norberts-spark/backend:test:unit: [22m[39m[dotenv@17.3.1] injecting env (22) from .env -- tip: ⚙️  suppress all logs with { quiet: true }
@norberts-spark/backend:test:unit: 
@norberts-spark/backend:test:unit: [90mstdout[2m | test/infrastructure/config/env.config.test.ts[2m > [22m[2mEnvConfig[2m > [22m[2mAPI_VERSION[2m > [22m[2mshould not be obscured (plain string value)
@norberts-spark/backend:test:unit: [22m[39m[dotenv@17.3.1] injecting env (22) from .env -- tip: 🔐 prevent building .env in docker: https://dotenvx.com/prebuild
@norberts-spark/backend:test:unit: 
@norberts-spark/backend:test:unit: [90mstdout[2m | test/infrastructure/config/env.config.test.ts[2m > [22m[2mEnvConfig[2m > [22m[2mAPI_VERSION[2m > [22m[2mshould accept "v1" value
@norberts-spark/backend:test:unit: [22m[39m[dotenv@17.3.1] injecting env (22) from .env -- tip: ⚙️  specify custom .env file path with { path: '/custom/path/.env' }
@norberts-spark/backend:test:unit: 
@norberts-spark/backend:test:unit: [90mstdout[2m | test/infrastructure/config/env.config.test.ts[2m > [22m[2mEnvConfig[2m > [22m[2mAPI_VERSION[2m > [22m[2mshould accept "v2" value
@norberts-spark/backend:test:unit: [22m[39m[dotenv@17.3.1] injecting env (22) from .env -- tip: 🛡️ auth for agents: https://vestauth.com
@norberts-spark/backend:test:unit: 
@norberts-spark/backend:test:unit: [90mstdout[2m | test/infrastructure/config/env.config.test.ts[2m > [22m[2mEnvConfig[2m > [22m[2mAPI_VERSION[2m > [22m[2mshould accept any string value for version
@norberts-spark/backend:test:unit: [22m[39m[dotenv@17.3.1] injecting env (22) from .env -- tip: ⚙️  suppress all logs with { quiet: true }
@norberts-spark/backend:test:unit: 
@norberts-spark/backend:test:unit: [90mstdout[2m | test/infrastructure/config/env.config.test.ts[2m > [22m[2mEnvConfig[2m > [22m[2mvalidate()[2m > [22m[2mshould have DATABASE_URL validation logic
@norberts-spark/backend:test:unit: [22m[39m[dotenv@17.3.1] injecting env (23) from .env -- tip: ⚙️  specify custom .env file path with { path: '/custom/path/.env' }
@norberts-spark/backend:test:unit: 
@norberts-spark/backend:test:unit: [90mstdout[2m | test/infrastructure/config/env.config.test.ts[2m > [22m[2mEnvConfig[2m > [22m[2mvalidate()[2m > [22m[2mshould be a static method accessible without instantiation
@norberts-spark/backend:test:unit: [22m[39m[dotenv@17.3.1] injecting env (23) from .env -- tip: 🛠️  run anywhere with `dotenvx run -- yourcommand`
@norberts-spark/backend:test:unit: 
@norberts-spark/backend:test:unit: [90mstdout[2m | test/infrastructure/config/env.config.test.ts[2m > [22m[2mEnvConfig[2m > [22m[2mEnvConfig class[2m > [22m[2mshould be instantiable
@norberts-spark/backend:test:unit: [22m[39m[dotenv@17.3.1] injecting env (23) from .env -- tip: ⚡️ secrets for agents: https://dotenvx.com/as2
@norberts-spark/backend:test:unit: 
@norberts-spark/backend:test:unit: [90mstdout[2m | test/infrastructure/config/env.config.test.ts[2m > [22m[2mEnvConfig[2m > [22m[2mEnvConfig class[2m > [22m[2mshould have static NODE_ENV property accessible without instantiation
@norberts-spark/backend:test:unit: [22m[39m[dotenv@17.3.1] injecting env (23) from .env -- tip: 🔐 prevent committing .env to code: https://dotenvx.com/precommit
@norberts-spark/backend:test:unit: 
@norberts-spark/backend:test:unit: [90mstdout[2m | test/infrastructure/config/env.config.test.ts[2m > [22m[2mEnvConfig[2m > [22m[2mEnvConfig class[2m > [22m[2mshould have static DATABASE_URL property accessible without instantiation
@norberts-spark/backend:test:unit: [22m[39m[dotenv@17.3.1] injecting env (23) from .env -- tip: ⚡️ secrets for agents: https://dotenvx.com/as2
@norberts-spark/backend:test:unit: 
@norberts-spark/backend:test:unit: [90mstdout[2m | test/infrastructure/config/env.config.test.ts[2m > [22m[2mEnvConfig[2m > [22m[2mEnvConfig class[2m > [22m[2mshould have static RESEND_API_KEY property accessible without instantiation
@norberts-spark/backend:test:unit: [22m[39m[dotenv@17.3.1] injecting env (23) from .env -- tip: ⚙️  suppress all logs with { quiet: true }
@norberts-spark/backend:test:unit: 
@norberts-spark/backend:test:unit: [90mstdout[2m | test/infrastructure/config/env.config.test.ts[2m > [22m[2mEnvConfig[2m > [22m[2mEnvConfig class[2m > [22m[2mshould have static EMAIL_FROM_ADDRESS property accessible without instantiation
@norberts-spark/backend:test:unit: [22m[39m[dotenv@17.3.1] injecting env (23) from .env -- tip: ⚙️  enable debug logging with { debug: true }
@norberts-spark/backend:test:unit: 
@norberts-spark/backend:test:unit: [90mstdout[2m | test/infrastructure/config/env.config.test.ts[2m > [22m[2mEnvConfig[2m > [22m[2mEnvConfig class[2m > [22m[2mshould have static HOST property accessible without instantiation
@norberts-spark/backend:test:unit: [22m[39m[dotenv@17.3.1] injecting env (22) from .env -- tip: ⚙️  load multiple .env files with { path: ['.env.local', '.env'] }
@norberts-spark/backend:test:unit: 
@norberts-spark/backend:test:unit: [90mstdout[2m | test/infrastructure/config/env.config.test.ts[2m > [22m[2mEnvConfig[2m > [22m[2mEnvConfig class[2m > [22m[2mshould have static USE_HTTPS property accessible without instantiation
@norberts-spark/backend:test:unit: [22m[39m[dotenv@17.3.1] injecting env (22) from .env -- tip: 🛡️ auth for agents: https://vestauth.com
@norberts-spark/backend:test:unit: 
@norberts-spark/backend:test:unit: [90mstdout[2m | test/infrastructure/config/env.config.test.ts[2m > [22m[2mEnvConfig[2m > [22m[2mEnvConfig class[2m > [22m[2mshould have static API_VERSION property accessible without instantiation
@norberts-spark/backend:test:unit: [22m[39m[dotenv@17.3.1] injecting env (22) from .env -- tip: ⚙️  specify custom .env file path with { path: '/custom/path/.env' }
@norberts-spark/backend:test:unit: 
@norberts-spark/backend:test:unit: [90mstdout[2m | test/infrastructure/config/env.config.test.ts[2m > [22m[2mEnvConfig[2m > [22m[2mEnvConfig class[2m > [22m[2mshould have static validate method accessible without instantiation
@norberts-spark/backend:test:unit: [22m[39m[dotenv@17.3.1] injecting env (23) from .env -- tip: ⚙️  enable debug logging with { debug: true }
@norberts-spark/backend:test:unit: 
@norberts-spark/backend:test:unit: [90mstdout[2m | test/infrastructure/config/env.config.test.ts[2m > [22m[2mEnvConfig[2m > [22m[2mUPSTASH_REDIS_REST_URL[2m > [22m[2mshould be a static readonly property
@norberts-spark/backend:test:unit: [22m[39m[dotenv@17.3.1] injecting env (22) from .env -- tip: ⚙️  specify custom .env file path with { path: '/custom/path/.env' }
@norberts-spark/backend:test:unit: 
@norberts-spark/backend:test:unit: [90mstdout[2m | test/infrastructure/config/env.config.test.ts[2m > [22m[2mEnvConfig[2m > [22m[2mUPSTASH_REDIS_REST_URL[2m > [22m[2mshould have type Obscured<string | undefined>
@norberts-spark/backend:test:unit: [22m[39m[dotenv@17.3.1] injecting env (22) from .env -- tip: 🔐 prevent committing .env to code: https://dotenvx.com/precommit
@norberts-spark/backend:test:unit: 
@norberts-spark/backend:test:unit: [90mstdout[2m | test/infrastructure/config/env.config.test.ts[2m > [22m[2mEnvConfig[2m > [22m[2mUPSTASH_REDIS_REST_URL[2m > [22m[2mshould obscure the actual Redis URL value
@norberts-spark/backend:test:unit: [22m[39m[dotenv@17.3.1] injecting env (22) from .env -- tip: ⚙️  override existing env vars with { override: true }
@norberts-spark/backend:test:unit: 
@norberts-spark/backend:test:unit: [90mstdout[2m | test/infrastructure/config/env.config.test.ts[2m > [22m[2mEnvConfig[2m > [22m[2mUPSTASH_REDIS_REST_TOKEN[2m > [22m[2mshould be a static readonly property
@norberts-spark/backend:test:unit: [22m[39m[dotenv@17.3.1] injecting env (22) from .env -- tip: 🔐 encrypt with Dotenvx: https://dotenvx.com
@norberts-spark/backend:test:unit: 
@norberts-spark/backend:test:unit: [90mstdout[2m | test/infrastructure/config/env.config.test.ts[2m > [22m[2mEnvConfig[2m > [22m[2mUPSTASH_REDIS_REST_TOKEN[2m > [22m[2mshould have type Obscured<string | undefined>
@norberts-spark/backend:test:unit: [22m[39m[dotenv@17.3.1] injecting env (22) from .env -- tip: 🔐 encrypt with Dotenvx: https://dotenvx.com
@norberts-spark/backend:test:unit: 
@norberts-spark/backend:test:unit: [90mstdout[2m | test/infrastructure/config/env.config.test.ts[2m > [22m[2mEnvConfig[2m > [22m[2mUPSTASH_REDIS_REST_TOKEN[2m > [22m[2mshould obscure the actual Redis token value
@norberts-spark/backend:test:unit: [22m[39m[dotenv@17.3.1] injecting env (22) from .env -- tip: ⚙️  override existing env vars with { override: true }
@norberts-spark/backend:test:unit: 
@norberts-spark/backend:test:unit: [90mstdout[2m | test/infrastructure/config/env.config.test.ts[2m > [22m[2mEnvConfig[2m > [22m[2mOAUTH_SYNC_SECRET[2m > [22m[2mshould be a static readonly property
@norberts-spark/backend:test:unit: [22m[39m[dotenv@17.3.1] injecting env (22) from .env -- tip: 🛡️ auth for agents: https://vestauth.com
@norberts-spark/backend:test:unit: 
@norberts-spark/backend:test:unit: [90mstdout[2m | test/infrastructure/config/env.config.test.ts[2m > [22m[2mEnvConfig[2m > [22m[2mOAUTH_SYNC_SECRET[2m > [22m[2mshould have type Obscured<string | undefined>
@norberts-spark/backend:test:unit: [22m[39m[dotenv@17.3.1] injecting env (22) from .env -- tip: 🤖 agentic secret storage: https://dotenvx.com/as2
@norberts-spark/backend:test:unit: 
@norberts-spark/backend:test:unit: [90mstdout[2m | test/infrastructure/config/env.config.test.ts[2m > [22m[2mEnvConfig[2m > [22m[2mOAUTH_SYNC_SECRET[2m > [22m[2mshould obscure the actual OAuth sync secret value
@norberts-spark/backend:test:unit: [22m[39m[dotenv@17.3.1] injecting env (22) from .env -- tip: ⚡️ secrets for agents: https://dotenvx.com/as2
@norberts-spark/backend:test:unit: 
@norberts-spark/backend:test:unit: [90mstdout[2m | test/infrastructure/config/env.config.test.ts[2m > [22m[2mEnvConfig[2m > [22m[2mSENTRY_DSN[2m > [22m[2mshould be a static readonly property
@norberts-spark/backend:test:unit: [22m[39m[dotenv@17.3.1] injecting env (22) from .env -- tip: 🛠️  run anywhere with `dotenvx run -- yourcommand`
@norberts-spark/backend:test:unit: 
@norberts-spark/backend:test:unit: [90mstdout[2m | test/infrastructure/config/env.config.test.ts[2m > [22m[2mEnvConfig[2m > [22m[2mSENTRY_DSN[2m > [22m[2mshould use SENTRY_DSN from environment when set
@norberts-spark/backend:test:unit: [22m[39m[dotenv@17.3.1] injecting env (22) from .env -- tip: ⚙️  specify custom .env file path with { path: '/custom/path/.env' }
@norberts-spark/backend:test:unit: 
@norberts-spark/backend:test:unit: [90mstdout[2m | test/infrastructure/config/env.config.test.ts[2m > [22m[2mEnvConfig[2m > [22m[2mSENTRY_DSN[2m > [22m[2mshould default to obscured empty value when SENTRY_DSN is not set
@norberts-spark/backend:test:unit: [22m[39m[dotenv@17.3.1] injecting env (23) from .env -- tip: ⚙️  specify custom .env file path with { path: '/custom/path/.env' }
@norberts-spark/backend:test:unit: 
@norberts-spark/backend:test:unit: [90mstdout[2m | test/infrastructure/config/env.config.test.ts[2m > [22m[2mEnvConfig[2m > [22m[2mSENTRY_DSN[2m > [22m[2mshould be obscured when value is set
@norberts-spark/backend:test:unit: [22m[39m[dotenv@17.3.1] injecting env (22) from .env -- tip: 🔐 encrypt with Dotenvx: https://dotenvx.com
@norberts-spark/backend:test:unit: 
@norberts-spark/backend:test:unit: [90mstdout[2m | test/infrastructure/config/env.config.test.ts[2m > [22m[2mEnvConfig[2m > [22m[2mSENTRY_DSN[2m > [22m[2mshould have type Obscured<string | undefined> or empty string
@norberts-spark/backend:test:unit: [22m[39m[dotenv@17.3.1] injecting env (22) from .env -- tip: ⚙️  override existing env vars with { override: true }
@norberts-spark/backend:test:unit: 
@norberts-spark/backend:test:unit: [90mstdout[2m | test/infrastructure/config/env.config.test.ts[2m > [22m[2mEnvConfig[2m > [22m[2mSENTRY_ENABLED[2m > [22m[2mshould be a static readonly property
@norberts-spark/backend:test:unit: [22m[39m[dotenv@17.3.1] injecting env (22) from .env -- tip: ⚙️  specify custom .env file path with { path: '/custom/path/.env' }
@norberts-spark/backend:test:unit: 
@norberts-spark/backend:test:unit: [90mstdout[2m | test/infrastructure/config/env.config.test.ts[2m > [22m[2mEnvConfig[2m > [22m[2mSENTRY_ENABLED[2m > [22m[2mshould use SENTRY_ENABLED from environment when set
@norberts-spark/backend:test:unit: [22m[39m[dotenv@17.3.1] injecting env (22) from .env -- tip: ⚙️  suppress all logs with { quiet: true }
@norberts-spark/backend:test:unit: 
@norberts-spark/backend:test:unit: [90mstdout[2m | test/infrastructure/config/env.config.test.ts[2m > [22m[2mEnvConfig[2m > [22m[2mSENTRY_ENABLED[2m > [22m[2mshould use value from .env when SENTRY_ENABLED env var is deleted
@norberts-spark/backend:test:unit: [22m[39m[dotenv@17.3.1] injecting env (23) from .env -- tip: 🤖 agentic secret storage: https://dotenvx.com/as2
@norberts-spark/backend:test:unit: 
@norberts-spark/backend:test:unit: [90mstdout[2m | test/infrastructure/config/env.config.test.ts[2m > [22m[2mEnvConfig[2m > [22m[2mSENTRY_ENABLED[2m > [22m[2mshould have type string
@norberts-spark/backend:test:unit: [22m[39m[dotenv@17.3.1] injecting env (22) from .env -- tip: 🛠️  run anywhere with `dotenvx run -- yourcommand`
@norberts-spark/backend:test:unit: 
@norberts-spark/backend:test:unit: [90mstdout[2m | test/infrastructure/config/env.config.test.ts[2m > [22m[2mEnvConfig[2m > [22m[2mSENTRY_ENABLED[2m > [22m[2mshould not be obscured (plain value)
@norberts-spark/backend:test:unit: [22m[39m[dotenv@17.3.1] injecting env (22) from .env -- tip: 🤖 agentic secret storage: https://dotenvx.com/as2
@norberts-spark/backend:test:unit: 
@norberts-spark/backend:test:unit: [90mstdout[2m | test/infrastructure/config/env.config.test.ts[2m > [22m[2mEnvConfig[2m > [22m[2mSENTRY_ENABLED[2m > [22m[2mshould return empty string for empty string value
@norberts-spark/backend:test:unit: [22m[39m[dotenv@17.3.1] injecting env (22) from .env -- tip: ⚡️ secrets for agents: https://dotenvx.com/as2
@norberts-spark/backend:test:unit: 
@norberts-spark/backend:test:unit: [90mstdout[2m | test/infrastructure/config/env.config.test.ts[2m > [22m[2mEnvConfig[2m > [22m[2mSENTRY_ENABLED[2m > [22m[2mshould return empty string when explicitly set to "false"
@norberts-spark/backend:test:unit: [22m[39m[dotenv@17.3.1] injecting env (22) from .env -- tip: 🔐 prevent committing .env to code: https://dotenvx.com/precommit
@norberts-spark/backend:test:unit: 
@norberts-spark/backend:test:unit: [90mstdout[2m | test/infrastructure/config/env.config.test.ts[2m > [22m[2mEnvConfig[2m > [22m[2mSENTRY_AUTH_TOKEN[2m > [22m[2mshould be a static readonly property
@norberts-spark/backend:test:unit: [22m[39m[dotenv@17.3.1] injecting env (22) from .env -- tip: ⚙️  override existing env vars with { override: true }
@norberts-spark/backend:test:unit: 
@norberts-spark/backend:test:unit:  [32m✓[39m test/adapters/primary/http/ai.controller.test.ts [2m([22m[2m115 tests[22m[2m)[22m[33m 997[2mms[22m[39m
@norberts-spark/backend:test:unit: [90mstdout[2m | test/infrastructure/config/env.config.test.ts[2m > [22m[2mEnvConfig[2m > [22m[2mSENTRY_AUTH_TOKEN[2m > [22m[2mshould use SENTRY_AUTH_TOKEN from environment when set
@norberts-spark/backend:test:unit: [22m[39m[dotenv@17.3.1] injecting env (22) from .env -- tip: 🛡️ auth for agents: https://vestauth.com
@norberts-spark/backend:test:unit: 
@norberts-spark/backend:test:unit: [90mstdout[2m | test/infrastructure/config/env.config.test.ts[2m > [22m[2mEnvConfig[2m > [22m[2mSENTRY_AUTH_TOKEN[2m > [22m[2mshould use value from .env when SENTRY_AUTH_TOKEN env var is deleted
@norberts-spark/backend:test:unit: [22m[39m[dotenv@17.3.1] injecting env (23) from .env -- tip: 🔐 encrypt with Dotenvx: https://dotenvx.com
@norberts-spark/backend:test:unit: 
@norberts-spark/backend:test:unit: [90mstdout[2m | test/infrastructure/config/env.config.test.ts[2m > [22m[2mEnvConfig[2m > [22m[2mSENTRY_AUTH_TOKEN[2m > [22m[2mshould have type string
@norberts-spark/backend:test:unit: [22m[39m[dotenv@17.3.1] injecting env (22) from .env -- tip: 🔐 prevent building .env in docker: https://dotenvx.com/prebuild
@norberts-spark/backend:test:unit: 
@norberts-spark/backend:test:unit: [90mstdout[2m | test/infrastructure/config/env.config.test.ts[2m > [22m[2mEnvConfig[2m > [22m[2mSENTRY_AUTH_TOKEN[2m > [22m[2mshould not be obscured (plain string value)
@norberts-spark/backend:test:unit: [22m[39m[dotenv@17.3.1] injecting env (22) from .env -- tip: ⚙️  load multiple .env files with { path: ['.env.local', '.env'] }
@norberts-spark/backend:test:unit: 
@norberts-spark/backend:test:unit: [90mstdout[2m | test/infrastructure/config/env.config.test.ts[2m > [22m[2mEnvConfig[2m > [22m[2mSENTRY_AUTH_TOKEN[2m > [22m[2mshould handle empty string value
@norberts-spark/backend:test:unit: [22m[39m[dotenv@17.3.1] injecting env (22) from .env -- tip: 🔐 encrypt with Dotenvx: https://dotenvx.com
@norberts-spark/backend:test:unit: 
@norberts-spark/backend:test:unit: [90mstdout[2m | test/infrastructure/config/env.config.test.ts[2m > [22m[2mEnvConfig[2m > [22m[2mSENTRY_PROJECT[2m > [22m[2mshould be a static readonly property
@norberts-spark/backend:test:unit: [22m[39m[dotenv@17.3.1] injecting env (22) from .env -- tip: 🤖 agentic secret storage: https://dotenvx.com/as2
@norberts-spark/backend:test:unit: 
@norberts-spark/backend:test:unit: [90mstdout[2m | test/infrastructure/config/env.config.test.ts[2m > [22m[2mEnvConfig[2m > [22m[2mSENTRY_PROJECT[2m > [22m[2mshould use SENTRY_PROJECT from environment when set
@norberts-spark/backend:test:unit: [22m[39m[dotenv@17.3.1] injecting env (22) from .env -- tip: ⚙️  specify custom .env file path with { path: '/custom/path/.env' }
@norberts-spark/backend:test:unit: 
@norberts-spark/backend:test:unit: [90mstdout[2m | test/infrastructure/config/env.config.test.ts[2m > [22m[2mEnvConfig[2m > [22m[2mSENTRY_PROJECT[2m > [22m[2mshould use value from .env when SENTRY_PROJECT env var is deleted
@norberts-spark/backend:test:unit: [22m[39m[dotenv@17.3.1] injecting env (23) from .env -- tip: 🔐 prevent building .env in docker: https://dotenvx.com/prebuild
@norberts-spark/backend:test:unit: 
@norberts-spark/backend:test:unit: [90mstdout[2m | test/infrastructure/config/env.config.test.ts[2m > [22m[2mEnvConfig[2m > [22m[2mSENTRY_PROJECT[2m > [22m[2mshould have type string
@norberts-spark/backend:test:unit: [22m[39m[dotenv@17.3.1] injecting env (22) from .env -- tip: 🛡️ auth for agents: https://vestauth.com
@norberts-spark/backend:test:unit: 
@norberts-spark/backend:test:unit: [90mstdout[2m | test/infrastructure/config/env.config.test.ts[2m > [22m[2mEnvConfig[2m > [22m[2mSENTRY_PROJECT[2m > [22m[2mshould not be obscured (plain string value)
@norberts-spark/backend:test:unit: [22m[39m[dotenv@17.3.1] injecting env (22) from .env -- tip: ⚙️  override existing env vars with { override: true }
@norberts-spark/backend:test:unit: 
@norberts-spark/backend:test:unit: [90mstdout[2m | test/infrastructure/config/env.config.test.ts[2m > [22m[2mEnvConfig[2m > [22m[2mSENTRY_PROJECT[2m > [22m[2mshould handle empty string value
@norberts-spark/backend:test:unit: [22m[39m[dotenv@17.3.1] injecting env (22) from .env -- tip: 🛡️ auth for agents: https://vestauth.com
@norberts-spark/backend:test:unit: 
@norberts-spark/backend:test:unit: [90mstdout[2m | test/infrastructure/config/env.config.test.ts[2m > [22m[2mEnvConfig[2m > [22m[2mSENTRY_ORG[2m > [22m[2mshould be a static readonly property
@norberts-spark/backend:test:unit: [22m[39m[dotenv@17.3.1] injecting env (22) from .env -- tip: ⚡️ secrets for agents: https://dotenvx.com/as2
@norberts-spark/backend:test:unit: 
@norberts-spark/backend:test:unit: [90mstdout[2m | test/infrastructure/config/env.config.test.ts[2m > [22m[2mEnvConfig[2m > [22m[2mSENTRY_ORG[2m > [22m[2mshould use SENTRY_ORG from environment when set
@norberts-spark/backend:test:unit: [22m[39m[dotenv@17.3.1] injecting env (22) from .env -- tip: 🤖 agentic secret storage: https://dotenvx.com/as2
@norberts-spark/backend:test:unit: 
@norberts-spark/backend:test:unit: [90mstdout[2m | test/infrastructure/config/env.config.test.ts[2m > [22m[2mEnvConfig[2m > [22m[2mSENTRY_ORG[2m > [22m[2mshould use value from .env when SENTRY_ORG env var is deleted
@norberts-spark/backend:test:unit: [22m[39m[dotenv@17.3.1] injecting env (23) from .env -- tip: 🛠️  run anywhere with `dotenvx run -- yourcommand`
@norberts-spark/backend:test:unit: 
@norberts-spark/backend:test:unit: [90mstdout[2m | test/infrastructure/config/env.config.test.ts[2m > [22m[2mEnvConfig[2m > [22m[2mSENTRY_ORG[2m > [22m[2mshould have type string
@norberts-spark/backend:test:unit: [22m[39m[dotenv@17.3.1] injecting env (22) from .env -- tip: ⚡️ secrets for agents: https://dotenvx.com/as2
@norberts-spark/backend:test:unit: 
@norberts-spark/backend:test:unit: [90mstdout[2m | test/infrastructure/config/env.config.test.ts[2m > [22m[2mEnvConfig[2m > [22m[2mSENTRY_ORG[2m > [22m[2mshould not be obscured (plain string value)
@norberts-spark/backend:test:unit: [22m[39m[dotenv@17.3.1] injecting env (22) from .env -- tip: 🔐 prevent building .env in docker: https://dotenvx.com/prebuild
@norberts-spark/backend:test:unit: 
@norberts-spark/backend:test:unit: [90mstdout[2m | test/infrastructure/config/env.config.test.ts[2m > [22m[2mEnvConfig[2m > [22m[2mSENTRY_ORG[2m > [22m[2mshould handle empty string value
@norberts-spark/backend:test:unit: [22m[39m[dotenv@17.3.1] injecting env (22) from .env -- tip: 🔐 prevent committing .env to code: https://dotenvx.com/precommit
@norberts-spark/backend:test:unit: 
@norberts-spark/backend:test:unit: [90mstdout[2m | test/infrastructure/config/env.config.test.ts[2m > [22m[2mEnvConfig[2m > [22m[2mCLOUDFLARE_ACCESS_SECRET[2m > [22m[2mshould be a static readonly property
@norberts-spark/backend:test:unit: [22m[39m[dotenv@17.3.1] injecting env (22) from .env -- tip: 🔐 prevent committing .env to code: https://dotenvx.com/precommit
@norberts-spark/backend:test:unit: 
@norberts-spark/backend:test:unit: [90mstdout[2m | test/infrastructure/config/env.config.test.ts[2m > [22m[2mEnvConfig[2m > [22m[2mCLOUDFLARE_ACCESS_SECRET[2m > [22m[2mshould have type Obscured<string | undefined> | ""
@norberts-spark/backend:test:unit: [22m[39m[dotenv@17.3.1] injecting env (22) from .env -- tip: 🔐 encrypt with Dotenvx: https://dotenvx.com
@norberts-spark/backend:test:unit: 
@norberts-spark/backend:test:unit: [90mstdout[2m | test/infrastructure/config/env.config.test.ts[2m > [22m[2mEnvConfig[2m > [22m[2mCLOUDFLARE_ACCESS_SECRET[2m > [22m[2mshould obscure the actual secret value
@norberts-spark/backend:test:unit: [22m[39m[dotenv@17.3.1] injecting env (22) from .env -- tip: ⚙️  specify custom .env file path with { path: '/custom/path/.env' }
@norberts-spark/backend:test:unit: 
@norberts-spark/backend:test:unit: [90mstdout[2m | test/infrastructure/config/env.config.test.ts[2m > [22m[2mEnvConfig[2m > [22m[2mCLOUDFLARE_ACCESS_SECRET[2m > [22m[2mshould default to empty string when not set
@norberts-spark/backend:test:unit: [22m[39m[dotenv@17.3.1] injecting env (23) from .env -- tip: ⚙️  suppress all logs with { quiet: true }
@norberts-spark/backend:test:unit: 
@norberts-spark/backend:test:unit: [90mstdout[2m | test/infrastructure/config/env.config.test.ts[2m > [22m[2mEnvConfig[2m > [22m[2mCLOUDFLARE_ACCESS_ID[2m > [22m[2mshould be a static readonly property
@norberts-spark/backend:test:unit: [22m[39m[dotenv@17.3.1] injecting env (22) from .env -- tip: 🔐 prevent committing .env to code: https://dotenvx.com/precommit
@norberts-spark/backend:test:unit: 
@norberts-spark/backend:test:unit: [90mstdout[2m | test/infrastructure/config/env.config.test.ts[2m > [22m[2mEnvConfig[2m > [22m[2mCLOUDFLARE_ACCESS_ID[2m > [22m[2mshould have type Obscured<string | undefined> | ""
@norberts-spark/backend:test:unit: [22m[39m[dotenv@17.3.1] injecting env (22) from .env -- tip: 🛡️ auth for agents: https://vestauth.com
@norberts-spark/backend:test:unit: 
@norberts-spark/backend:test:unit: [90mstdout[2m | test/infrastructure/config/env.config.test.ts[2m > [22m[2mEnvConfig[2m > [22m[2mCLOUDFLARE_ACCESS_ID[2m > [22m[2mshould obscure the actual ID value
@norberts-spark/backend:test:unit: [22m[39m[dotenv@17.3.1] injecting env (22) from .env -- tip: 🤖 agentic secret storage: https://dotenvx.com/as2
@norberts-spark/backend:test:unit: 
@norberts-spark/backend:test:unit: [90mstdout[2m | test/infrastructure/config/env.config.test.ts[2m > [22m[2mEnvConfig[2m > [22m[2mCLOUDFLARE_ACCESS_ID[2m > [22m[2mshould default to empty string when not set
@norberts-spark/backend:test:unit: [22m[39m[dotenv@17.3.1] injecting env (23) from .env -- tip: ⚙️  override existing env vars with { override: true }
@norberts-spark/backend:test:unit: 
@norberts-spark/backend:test:unit: [90mstdout[2m | test/infrastructure/config/env.config.test.ts[2m > [22m[2mEnvConfig[2m > [22m[2mCLOUDFLARE_ENDPOINT[2m > [22m[2mshould be a static readonly property
@norberts-spark/backend:test:unit: [22m[39m[dotenv@17.3.1] injecting env (22) from .env -- tip: 🔐 prevent committing .env to code: https://dotenvx.com/precommit
@norberts-spark/backend:test:unit: 
@norberts-spark/backend:test:unit: [90mstdout[2m | test/infrastructure/config/env.config.test.ts[2m > [22m[2mEnvConfig[2m > [22m[2mCLOUDFLARE_ENDPOINT[2m > [22m[2mshould use CLOUDFLARE_ENDPOINT from environment when set
@norberts-spark/backend:test:unit: [22m[39m[dotenv@17.3.1] injecting env (22) from .env -- tip: ⚡️ secrets for agents: https://dotenvx.com/as2
@norberts-spark/backend:test:unit: 
@norberts-spark/backend:test:unit: [90mstdout[2m | test/infrastructure/config/env.config.test.ts[2m > [22m[2mEnvConfig[2m > [22m[2mCLOUDFLARE_ENDPOINT[2m > [22m[2mshould default to empty string when not set and no .env value
@norberts-spark/backend:test:unit: [22m[39m[dotenv@17.3.1] injecting env (23) from .env -- tip: ⚙️  load multiple .env files with { path: ['.env.local', '.env'] }
@norberts-spark/backend:test:unit: 
@norberts-spark/backend:test:unit:  [32m✓[39m test/infrastructure/http/helmet-security.test.ts [2m([22m[2m12 tests[22m[2m)[22m[33m 959[2mms[22m[39m
@norberts-spark/backend:test:unit: {"level":30,"time":1772404797410,"pid":56337,"hostname":"Andrews-MacBook-Air.local","reqId":"req-1","res":{"statusCode":200},"responseTime":16.868000030517578,"msg":"request completed"}
@norberts-spark/backend:test:unit: {"level":30,"time":1772404797412,"pid":56337,"hostname":"Andrews-MacBook-Air.local","reqId":"req-2","req":{"method":"GET","url":"/health","headers":{"user-agent":"lightMyRequest","host":"localhost:80"},"hostname":"localhost","remoteAddress":"127.0.0.1"},"msg":"incoming request"}
@norberts-spark/backend:test:unit: {"level":30,"time":1772404797415,"pid":56337,"hostname":"Andrews-MacBook-Air.local","reqId":"req-2","res":{"statusCode":200},"responseTime":2.482332944869995,"msg":"request completed"}
@norberts-spark/backend:test:unit: {"level":30,"time":1772404797416,"pid":56337,"hostname":"Andrews-MacBook-Air.local","reqId":"req-3","req":{"method":"GET","url":"/health","headers":{"user-agent":"lightMyRequest","host":"localhost:80"},"hostname":"localhost","remoteAddress":"127.0.0.1"},"msg":"incoming request"}
@norberts-spark/backend:test:unit: {"level":30,"time":1772404797418,"pid":56337,"hostname":"Andrews-MacBook-Air.local","reqId":"req-3","res":{"statusCode":200},"responseTime":1.3742499351501465,"msg":"request completed"}
@norberts-spark/backend:test:unit: {"level":30,"time":1772404797418,"pid":56337,"hostname":"Andrews-MacBook-Air.local","reqId":"req-4","req":{"method":"GET","url":"/health","headers":{"user-agent":"lightMyRequest","host":"localhost:80"},"hostname":"localhost","remoteAddress":"127.0.0.1"},"msg":"incoming request"}
@norberts-spark/backend:test:unit: {"level":30,"time":1772404797419,"pid":56337,"hostname":"Andrews-MacBook-Air.local","reqId":"req-4","res":{"statusCode":200},"responseTime":0.8602499961853027,"msg":"request completed"}
@norberts-spark/backend:test:unit: {"level":30,"time":1772404797420,"pid":56337,"hostname":"Andrews-MacBook-Air.local","reqId":"req-5","req":{"method":"GET","url":"/health","headers":{"user-agent":"lightMyRequest","host":"localhost:80"},"hostname":"localhost","remoteAddress":"127.0.0.1"},"msg":"incoming request"}
@norberts-spark/backend:test:unit: {"level":30,"time":1772404797421,"pid":56337,"hostname":"Andrews-MacBook-Air.local","reqId":"req-5","res":{"statusCode":200},"responseTime":0.9691671133041382,"msg":"request completed"}
@norberts-spark/backend:test:unit: {"level":30,"time":1772404797422,"pid":56337,"hostname":"Andrews-MacBook-Air.local","reqId":"req-6","req":{"method":"GET","url":"/health","headers":{"user-agent":"lightMyRequest","host":"localhost:80"},"hostname":"localhost","remoteAddress":"127.0.0.1"},"msg":"incoming request"}
@norberts-spark/backend:test:unit: {"level":30,"time":1772404797504,"pid":56337,"hostname":"Andrews-MacBook-Air.local","reqId":"req-6","res":{"statusCode":200},"responseTime":81.67720794677734,"msg":"request completed"}
@norberts-spark/backend:test:unit: {"level":30,"time":1772404797504,"pid":56337,"hostname":"Andrews-MacBook-Air.local","reqId":"req-7","req":{"method":"GET","url":"/health","headers":{"user-agent":"lightMyRequest","host":"localhost:80"},"hostname":"localhost","remoteAddress":"127.0.0.1"},"msg":"incoming request"}
@norberts-spark/backend:test:unit: {"level":30,"time":1772404797507,"pid":56337,"hostname":"Andrews-MacBook-Air.local","reqId":"req-7","res":{"statusCode":200},"responseTime":1.361625075340271,"msg":"request completed"}
@norberts-spark/backend:test:unit: {"level":30,"time":1772404797508,"pid":56337,"hostname":"Andrews-MacBook-Air.local","reqId":"req-8","req":{"method":"GET","url":"/health","headers":{"user-agent":"lightMyRequest","host":"localhost:80"},"hostname":"localhost","remoteAddress":"127.0.0.1"},"msg":"incoming request"}
@norberts-spark/backend:test:unit: {"level":30,"time":1772404797510,"pid":56337,"hostname":"Andrews-MacBook-Air.local","reqId":"req-8","res":{"statusCode":200},"responseTime":1.5474579334259033,"msg":"request completed"}
@norberts-spark/backend:test:unit: {"level":30,"time":1772404797516,"pid":56337,"hostname":"Andrews-MacBook-Air.local","reqId":"req-9","req":{"method":"GET","url":"/health","headers":{"user-agent":"lightMyRequest","host":"localhost:80"},"hostname":"localhost","remoteAddress":"127.0.0.1"},"msg":"incoming request"}
@norberts-spark/backend:test:unit: {"level":30,"time":1772404797530,"pid":56337,"hostname":"Andrews-MacBook-Air.local","reqId":"req-9","res":{"statusCode":200},"responseTime":10.004541993141174,"msg":"request completed"}
@norberts-spark/backend:test:unit: {"level":30,"time":1772404797532,"pid":56337,"hostname":"Andrews-MacBook-Air.local","reqId":"req-a","req":{"method":"GET","url":"/health","headers":{"user-agent":"lightMyRequest","host":"localhost:80"},"hostname":"localhost","remoteAddress":"127.0.0.1"},"msg":"incoming request"}
@norberts-spark/backend:test:unit: {"level":30,"time":1772404797535,"pid":56337,"hostname":"Andrews-MacBook-Air.local","reqId":"req-a","res":{"statusCode":200},"responseTime":3.2199169397354126,"msg":"request completed"}
@norberts-spark/backend:test:unit: {"level":30,"time":1772404797537,"pid":56337,"hostname":"Andrews-MacBook-Air.local","reqId":"req-b","req":{"method":"GET","url":"/docs/json","headers":{"user-agent":"lightMyRequest","host":"localhost:80"},"hostname":"localhost","remoteAddress":"127.0.0.1"},"msg":"incoming request"}
@norberts-spark/backend:test:unit: {"level":30,"time":1772404797544,"pid":56337,"hostname":"Andrews-MacBook-Air.local","reqId":"req-b","res":{"statusCode":200},"responseTime":7.224291086196899,"msg":"request completed"}
@norberts-spark/backend:test:unit: {"level":30,"time":1772404797545,"pid":56337,"hostname":"Andrews-MacBook-Air.local","reqId":"req-c","req":{"method":"GET","url":"/health","headers":{"user-agent":"lightMyRequest","host":"localhost:80"},"hostname":"localhost","remoteAddress":"127.0.0.1"},"msg":"incoming request"}
@norberts-spark/backend:test:unit: {"level":30,"time":1772404797550,"pid":56337,"hostname":"Andrews-MacBook-Air.local","reqId":"req-c","res":{"statusCode":200},"responseTime":4.487666964530945,"msg":"request completed"}
@norberts-spark/backend:test:unit: [90mstdout[2m | test/adapters/primary/http/user.controller.test.ts
@norberts-spark/backend:test:unit: [22m[39m[dotenv@17.3.1] injecting env (23) from .env -- tip: 🤖 agentic secret storage: https://dotenvx.com/as2
@norberts-spark/backend:test:unit: 
@norberts-spark/backend:test:unit: [90mstdout[2m | test/infrastructure/config/env.config.test.ts[2m > [22m[2mEnvConfig[2m > [22m[2mCLOUDFLARE_ENDPOINT[2m > [22m[2mshould have type string
@norberts-spark/backend:test:unit: [22m[39m[dotenv@17.3.1] injecting env (22) from .env -- tip: ⚙️  enable debug logging with { debug: true }
@norberts-spark/backend:test:unit: 
@norberts-spark/backend:test:unit: [90mstdout[2m | test/infrastructure/config/env.config.test.ts[2m > [22m[2mEnvConfig[2m > [22m[2mCLOUDFLARE_ENDPOINT[2m > [22m[2mshould not be obscured (plain string value)
@norberts-spark/backend:test:unit: [22m[39m[dotenv@17.3.1] injecting env (22) from .env -- tip: ⚙️  override existing env vars with { override: true }
@norberts-spark/backend:test:unit: 
@norberts-spark/backend:test:unit: [90mstdout[2m | test/infrastructure/config/env.config.test.ts[2m > [22m[2mEnvConfig[2m > [22m[2mCLOUDFLARE_ENDPOINT[2m > [22m[2mshould accept URL with path
@norberts-spark/backend:test:unit: [22m[39m[dotenv@17.3.1] injecting env (22) from .env -- tip: 🔐 encrypt with Dotenvx: https://dotenvx.com
@norberts-spark/backend:test:unit: 
@norberts-spark/backend:test:unit: [90mstdout[2m | test/infrastructure/config/env.config.test.ts[2m > [22m[2mEnvConfig[2m > [22m[2mCLOUDFLARE_API[2m > [22m[2mshould be a static readonly property
@norberts-spark/backend:test:unit: [22m[39m[dotenv@17.3.1] injecting env (22) from .env -- tip: 🔐 prevent committing .env to code: https://dotenvx.com/precommit
@norberts-spark/backend:test:unit: 
@norberts-spark/backend:test:unit: [90mstdout[2m | test/infrastructure/config/env.config.test.ts[2m > [22m[2mEnvConfig[2m > [22m[2mCLOUDFLARE_API[2m > [22m[2mshould have type Obscured<string | undefined> | ""
@norberts-spark/backend:test:unit: [22m[39m[dotenv@17.3.1] injecting env (22) from .env -- tip: 🔐 prevent committing .env to code: https://dotenvx.com/precommit
@norberts-spark/backend:test:unit: 
@norberts-spark/backend:test:unit: [90mstdout[2m | test/infrastructure/config/env.config.test.ts[2m > [22m[2mEnvConfig[2m > [22m[2mCLOUDFLARE_API[2m > [22m[2mshould obscure the actual API key value
@norberts-spark/backend:test:unit: [22m[39m[dotenv@17.3.1] injecting env (22) from .env -- tip: 🔐 prevent building .env in docker: https://dotenvx.com/prebuild
@norberts-spark/backend:test:unit: 
@norberts-spark/backend:test:unit: [90mstdout[2m | test/infrastructure/config/env.config.test.ts[2m > [22m[2mEnvConfig[2m > [22m[2mCLOUDFLARE_API[2m > [22m[2mshould default to empty string when not set
@norberts-spark/backend:test:unit: [22m[39m[dotenv@17.3.1] injecting env (23) from .env -- tip: ⚡️ secrets for agents: https://dotenvx.com/as2
@norberts-spark/backend:test:unit: 
@norberts-spark/backend:test:unit: [90mstdout[2m | test/infrastructure/config/env.config.test.ts[2m > [22m[2mEnvConfig[2m > [22m[2mBUCKET[2m > [22m[2mshould be a static readonly property
@norberts-spark/backend:test:unit: [22m[39m[dotenv@17.3.1] injecting env (22) from .env -- tip: ⚙️  enable debug logging with { debug: true }
@norberts-spark/backend:test:unit: 
@norberts-spark/backend:test:unit: [90mstdout[2m | test/infrastructure/config/env.config.test.ts[2m > [22m[2mEnvConfig[2m > [22m[2mBUCKET[2m > [22m[2mshould use BUCKET from environment when set
@norberts-spark/backend:test:unit: [22m[39m[dotenv@17.3.1] injecting env (22) from .env -- tip: 🤖 agentic secret storage: https://dotenvx.com/as2
@norberts-spark/backend:test:unit: 
@norberts-spark/backend:test:unit: [90mstdout[2m | test/infrastructure/config/env.config.test.ts[2m > [22m[2mEnvConfig[2m > [22m[2mBUCKET[2m > [22m[2mshould default to empty string when not set and no .env value
@norberts-spark/backend:test:unit: [22m[39m[dotenv@17.3.1] injecting env (23) from .env -- tip: 🤖 agentic secret storage: https://dotenvx.com/as2
@norberts-spark/backend:test:unit: 
@norberts-spark/backend:test:unit: [90mstdout[2m | test/infrastructure/config/env.config.test.ts[2m > [22m[2mEnvConfig[2m > [22m[2mBUCKET[2m > [22m[2mshould have type string
@norberts-spark/backend:test:unit: [22m[39m[dotenv@17.3.1] injecting env (22) from .env -- tip: ⚙️  suppress all logs with { quiet: true }
@norberts-spark/backend:test:unit: 
@norberts-spark/backend:test:unit: [90mstdout[2m | test/infrastructure/config/env.config.test.ts[2m > [22m[2mEnvConfig[2m > [22m[2mBUCKET[2m > [22m[2mshould not be obscured (plain string value)
@norberts-spark/backend:test:unit: [22m[39m[dotenv@17.3.1] injecting env (22) from .env -- tip: ⚙️  override existing env vars with { override: true }
@norberts-spark/backend:test:unit: 
@norberts-spark/backend:test:unit: [90mstdout[2m | test/infrastructure/config/env.config.test.ts[2m > [22m[2mEnvConfig[2m > [22m[2mBUCKET[2m > [22m[2mshould accept bucket name with hyphens
@norberts-spark/backend:test:unit: [22m[39m[dotenv@17.3.1] injecting env (22) from .env -- tip: 🛠️  run anywhere with `dotenvx run -- yourcommand`
@norberts-spark/backend:test:unit: 
@norberts-spark/backend:test:unit: [90mstdout[2m | test/infrastructure/config/env.config.test.ts[2m > [22m[2mEnvConfig[2m > [22m[2mBUCKET[2m > [22m[2mshould handle empty string value
@norberts-spark/backend:test:unit: [22m[39m[dotenv@17.3.1] injecting env (22) from .env -- tip: ⚙️  write to custom object with { processEnv: myObject }
@norberts-spark/backend:test:unit: 
@norberts-spark/backend:test:unit: [90mstdout[2m | test/infrastructure/config/env.config.test.ts[2m > [22m[2mEnvConfig[2m > [22m[2mREFRESH_TOKEN_EXPIRATION[2m > [22m[2mshould be a static readonly property
@norberts-spark/backend:test:unit: [22m[39m[dotenv@17.3.1] injecting env (23) from .env -- tip: 🛡️ auth for agents: https://vestauth.com
@norberts-spark/backend:test:unit: 
@norberts-spark/backend:test:unit: [90mstdout[2m | test/infrastructure/config/env.config.test.ts[2m > [22m[2mEnvConfig[2m > [22m[2mREFRESH_TOKEN_EXPIRATION[2m > [22m[2mshould use REFRESH_TOKEN_EXPIRATION from environment when set
@norberts-spark/backend:test:unit: [22m[39m[dotenv@17.3.1] injecting env (23) from .env -- tip: 🔐 prevent building .env in docker: https://dotenvx.com/prebuild
@norberts-spark/backend:test:unit: 
@norberts-spark/backend:test:unit: [90mstdout[2m | test/infrastructure/config/env.config.test.ts[2m > [22m[2mEnvConfig[2m > [22m[2mREFRESH_TOKEN_EXPIRATION[2m > [22m[2mshould have type string
@norberts-spark/backend:test:unit: [22m[39m[dotenv@17.3.1] injecting env (23) from .env -- tip: 🤖 agentic secret storage: https://dotenvx.com/as2
@norberts-spark/backend:test:unit: 
@norberts-spark/backend:test:unit: [90mstdout[2m | test/infrastructure/config/env.config.test.ts[2m > [22m[2mEnvConfig[2m > [22m[2mREFRESH_TOKEN_EXPIRATION[2m > [22m[2mshould not be obscured (plain string value)
@norberts-spark/backend:test:unit: [22m[39m[dotenv@17.3.1] injecting env (23) from .env -- tip: 🔐 prevent committing .env to code: https://dotenvx.com/precommit
@norberts-spark/backend:test:unit: 
@norberts-spark/backend:test:unit: [90mstdout[2m | test/infrastructure/config/env.config.test.ts[2m > [22m[2mEnvConfig[2m > [22m[2mREFRESH_TOKEN_EXPIRATION[2m > [22m[2mshould accept numeric string values
@norberts-spark/backend:test:unit: [22m[39m[dotenv@17.3.1] injecting env (23) from .env -- tip: ⚙️  enable debug logging with { debug: true }
@norberts-spark/backend:test:unit: 
@norberts-spark/backend:test:unit: [90mstdout[2m | test/infrastructure/config/env.config.test.ts[2m > [22m[2mEnvConfig[2m > [22m[2mACCESS_TOKEN_BUFFER[2m > [22m[2mshould be a static readonly property
@norberts-spark/backend:test:unit: [22m[39m[dotenv@17.3.1] injecting env (23) from .env -- tip: ⚙️  enable debug logging with { debug: true }
@norberts-spark/backend:test:unit: 
@norberts-spark/backend:test:unit: [90mstdout[2m | test/infrastructure/config/env.config.test.ts[2m > [22m[2mEnvConfig[2m > [22m[2mACCESS_TOKEN_BUFFER[2m > [22m[2mshould use ACCESS_TOKEN_BUFFER from environment when set
@norberts-spark/backend:test:unit: [22m[39m[dotenv@17.3.1] injecting env (23) from .env -- tip: 🔐 prevent committing .env to code: https://dotenvx.com/precommit
@norberts-spark/backend:test:unit: 
@norberts-spark/backend:test:unit: [90mstdout[2m | test/infrastructure/config/env.config.test.ts[2m > [22m[2mEnvConfig[2m > [22m[2mACCESS_TOKEN_BUFFER[2m > [22m[2mshould have type string
@norberts-spark/backend:test:unit: [22m[39m[dotenv@17.3.1] injecting env (23) from .env -- tip: ⚙️  suppress all logs with { quiet: true }
@norberts-spark/backend:test:unit: 
@norberts-spark/backend:test:unit: [90mstdout[2m | test/infrastructure/config/env.config.test.ts[2m > [22m[2mEnvConfig[2m > [22m[2mACCESS_TOKEN_BUFFER[2m > [22m[2mshould not be obscured (plain string value)
@norberts-spark/backend:test:unit: [22m[39m[dotenv@17.3.1] injecting env (23) from .env -- tip: 🤖 agentic secret storage: https://dotenvx.com/as2
@norberts-spark/backend:test:unit: 
@norberts-spark/backend:test:unit: [90mstdout[2m | test/infrastructure/config/env.config.test.ts[2m > [22m[2mEnvConfig[2m > [22m[2mACCESS_TOKEN_BUFFER[2m > [22m[2mshould accept numeric string values
@norberts-spark/backend:test:unit: [22m[39m[dotenv@17.3.1] injecting env (23) from .env -- tip: ⚙️  write to custom object with { processEnv: myObject }
@norberts-spark/backend:test:unit: 
@norberts-spark/backend:test:unit: [90mstdout[2m | test/infrastructure/config/env.config.test.ts[2m > [22m[2mEnvConfig[2m > [22m[2mACCESS_TOKEN_BUFFER[2m > [22m[2mshould accept zero value
@norberts-spark/backend:test:unit: [22m[39m[dotenv@17.3.1] injecting env (23) from .env -- tip: ⚙️  suppress all logs with { quiet: true }
@norberts-spark/backend:test:unit: 
@norberts-spark/backend:test:unit:  [32m✓[39m test/infrastructure/config/env.config.test.ts [2m([22m[2m127 tests[22m[2m)[22m[33m 429[2mms[22m[39m
@norberts-spark/backend:test:unit:  [32m✓[39m test/adapters/primary/http/user.controller.test.ts [2m([22m[2m100 tests[22m[2m)[22m[32m 154[2mms[22m[39m
@norberts-spark/backend:test:unit: [90mstdout[2m | test/infrastructure/ai/tokeniseGemini.test.ts[2m > [22m[2mTokeniseGemini[2m > [22m[2mSingleton Pattern[2m > [22m[2mshould return the same instance on multiple calls to getInstance
@norberts-spark/backend:test:unit: [22m[39m[dotenv@17.3.1] injecting env (23) from .env -- tip: ⚙️  suppress all logs with { quiet: true }
@norberts-spark/backend:test:unit: 
@norberts-spark/backend:test:unit: [90mstdout[2m | test/infrastructure/ai/tokeniseGemini.test.ts[2m > [22m[2mTokeniseGemini[2m > [22m[2mSingleton Pattern[2m > [22m[2mshould create only one instance
@norberts-spark/backend:test:unit: [22m[39m[dotenv@17.3.1] injecting env (23) from .env -- tip: ⚙️  override existing env vars with { override: true }
@norberts-spark/backend:test:unit: 
@norberts-spark/backend:test:unit: [90mstdout[2m | test/infrastructure/ai/tokeniseGemini.test.ts[2m > [22m[2mTokeniseGemini[2m > [22m[2mSingleton Pattern[2m > [22m[2mshould have getInstance as a static method
@norberts-spark/backend:test:unit: [22m[39m[dotenv@17.3.1] injecting env (23) from .env -- tip: ⚙️  override existing env vars with { override: true }
@norberts-spark/backend:test:unit: 
@norberts-spark/backend:test:unit: [90mstdout[2m | test/infrastructure/ai/tokeniseGemini.test.ts[2m > [22m[2mTokeniseGemini[2m > [22m[2mSingleton Pattern[2m > [22m[2mshould have a private constructor (TypeScript compile-time check)
@norberts-spark/backend:test:unit: [22m[39m[dotenv@17.3.1] injecting env (23) from .env -- tip: ⚙️  specify custom .env file path with { path: '/custom/path/.env' }
@norberts-spark/backend:test:unit: 
@norberts-spark/backend:test:unit: [90mstdout[2m | test/infrastructure/ai/tokeniseGemini.test.ts[2m > [22m[2mTokeniseGemini[2m > [22m[2mSingleton Pattern[2m > [22m[2mshould initialize GoogleGenerativeAI with API key
@norberts-spark/backend:test:unit: [22m[39m[dotenv@17.3.1] injecting env (23) from .env -- tip: 🔐 prevent committing .env to code: https://dotenvx.com/precommit
@norberts-spark/backend:test:unit: 
@norberts-spark/backend:test:unit: [90mstdout[2m | test/infrastructure/ai/tokeniseGemini.test.ts[2m > [22m[2mTokeniseGemini[2m > [22m[2mSingleton Pattern[2m > [22m[2mshould initialize generative model with model name
@norberts-spark/backend:test:unit: [22m[39m[dotenv@17.3.1] injecting env (23) from .env -- tip: ⚙️  write to custom object with { processEnv: myObject }
@norberts-spark/backend:test:unit: 
@norberts-spark/backend:test:unit: [90mstdout[2m | test/infrastructure/ai/tokeniseGemini.test.ts[2m > [22m[2mTokeniseGemini[2m > [22m[2mcount()[2m > [22m[2mshould count tokens in a simple text file
@norberts-spark/backend:test:unit: [22m[39m[dotenv@17.3.1] injecting env (23) from .env -- tip: ⚙️  write to custom object with { processEnv: myObject }
@norberts-spark/backend:test:unit: 
@norberts-spark/backend:test:unit: [90mstdout[2m | test/infrastructure/ai/tokeniseGemini.test.ts[2m > [22m[2mTokeniseGemini[2m > [22m[2mcount()[2m > [22m[2mshould count tokens in an empty file
@norberts-spark/backend:test:unit: [22m[39m[dotenv@17.3.1] injecting env (23) from .env -- tip: 🔐 prevent committing .env to code: https://dotenvx.com/precommit
@norberts-spark/backend:test:unit: 
@norberts-spark/backend:test:unit: [90mstdout[2m | test/infrastructure/ai/tokeniseGemini.test.ts[2m > [22m[2mTokeniseGemini[2m > [22m[2mcount()[2m > [22m[2mshould count tokens in files with special characters
@norberts-spark/backend:test:unit: [22m[39m[dotenv@17.3.1] injecting env (23) from .env -- tip: 🤖 agentic secret storage: https://dotenvx.com/as2
@norberts-spark/backend:test:unit: 
@norberts-spark/backend:test:unit: [90mstdout[2m | test/infrastructure/ai/tokeniseGemini.test.ts[2m > [22m[2mTokeniseGemini[2m > [22m[2mcount()[2m > [22m[2mshould handle relative file paths
@norberts-spark/backend:test:unit: [22m[39m[dotenv@17.3.1] injecting env (23) from .env -- tip: ⚙️  load multiple .env files with { path: ['.env.local', '.env'] }
@norberts-spark/backend:test:unit: 
@norberts-spark/backend:test:unit: [90mstdout[2m | test/infrastructure/ai/tokeniseGemini.test.ts[2m > [22m[2mTokeniseGemini[2m > [22m[2mcount()[2m > [22m[2mshould validate file path is within base directory when baseDir is provided
@norberts-spark/backend:test:unit: [22m[39m[dotenv@17.3.1] injecting env (23) from .env -- tip: ⚙️  write to custom object with { processEnv: myObject }
@norberts-spark/backend:test:unit: 
@norberts-spark/backend:test:unit: [90mstdout[2m | test/infrastructure/ai/tokeniseGemini.test.ts[2m > [22m[2mTokeniseGemini[2m > [22m[2mcount()[2m > [22m[2mshould throw error when file path is outside base directory
@norberts-spark/backend:test:unit: [22m[39m[dotenv@17.3.1] injecting env (23) from .env -- tip: 🔐 prevent committing .env to code: https://dotenvx.com/precommit
@norberts-spark/backend:test:unit: 
@norberts-spark/backend:test:unit: [90mstdout[2m | test/infrastructure/ai/tokeniseGemini.test.ts[2m > [22m[2mTokeniseGemini[2m > [22m[2mcount()[2m > [22m[2mshould throw error when trying to access parent directory with baseDir
@norberts-spark/backend:test:unit: [22m[39m[dotenv@17.3.1] injecting env (23) from .env -- tip: 🔐 prevent committing .env to code: https://dotenvx.com/precommit
@norberts-spark/backend:test:unit: 
@norberts-spark/backend:test:unit: [90mstdout[2m | test/infrastructure/ai/tokeniseGemini.test.ts[2m > [22m[2mTokeniseGemini[2m > [22m[2mcount()[2m > [22m[2mshould throw error when file does not exist
@norberts-spark/backend:test:unit: [22m[39m[dotenv@17.3.1] injecting env (23) from .env -- tip: ⚙️  write to custom object with { processEnv: myObject }
@norberts-spark/backend:test:unit: 
@norberts-spark/backend:test:unit: [90mstdout[2m | test/infrastructure/ai/tokeniseGemini.test.ts[2m > [22m[2mTokeniseGemini[2m > [22m[2mcount()[2m > [22m[2mshould throw error with file path when file cannot be read
@norberts-spark/backend:test:unit: [22m[39m[dotenv@17.3.1] injecting env (23) from .env -- tip: 🔐 prevent committing .env to code: https://dotenvx.com/precommit
@norberts-spark/backend:test:unit: 
@norberts-spark/backend:test:unit: [90mstdout[2m | test/infrastructure/ai/tokeniseGemini.test.ts[2m > [22m[2mTokeniseGemini[2m > [22m[2mcount()[2m > [22m[2mshould handle API errors gracefully
@norberts-spark/backend:test:unit: [22m[39m[dotenv@17.3.1] injecting env (23) from .env -- tip: 🔐 prevent committing .env to code: https://dotenvx.com/precommit
@norberts-spark/backend:test:unit: 
@norberts-spark/backend:test:unit: [90mstdout[2m | test/infrastructure/ai/tokeniseGemini.test.ts[2m > [22m[2mTokeniseGemini[2m > [22m[2mcount()[2m > [22m[2mshould work without baseDir parameter
@norberts-spark/backend:test:unit: [22m[39m[dotenv@17.3.1] injecting env (23) from .env -- tip: ⚙️  enable debug logging with { debug: true }
@norberts-spark/backend:test:unit: 
@norberts-spark/backend:test:unit: [90mstdout[2m | test/infrastructure/ai/tokeniseGemini.test.ts[2m > [22m[2mTokeniseGemini[2m > [22m[2mEnvironment Variable Handling[2m > [22m[2mshould handle missing API key gracefully
@norberts-spark/backend:test:unit: [22m[39m[dotenv@17.3.1] injecting env (23) from .env -- tip: ⚙️  write to custom object with { processEnv: myObject }
@norberts-spark/backend:test:unit: 
@norberts-spark/backend:test:unit: [90mstdout[2m | test/infrastructure/ai/tokeniseGemini.test.ts[2m > [22m[2mTokeniseGemini[2m > [22m[2mEnvironment Variable Handling[2m > [22m[2mshould handle missing model name gracefully
@norberts-spark/backend:test:unit: [22m[39m[dotenv@17.3.1] injecting env (23) from .env -- tip: 🤖 agentic secret storage: https://dotenvx.com/as2
@norberts-spark/backend:test:unit: 
@norberts-spark/backend:test:unit: [90mstdout[2m | test/infrastructure/ai/tokeniseGemini.test.ts[2m > [22m[2mTokeniseGemini[2m > [22m[2mEnvironment Variable Handling[2m > [22m[2mshould use obscured value for API key
@norberts-spark/backend:test:unit: [22m[39m[dotenv@17.3.1] injecting env (23) from .env -- tip: 🔐 prevent building .env in docker: https://dotenvx.com/prebuild
@norberts-spark/backend:test:unit: 
@norberts-spark/backend:test:unit: [90mstdout[2m | test/infrastructure/ai/tokeniseGemini.test.ts[2m > [22m[2mTokeniseGemini[2m > [22m[2mPath Security[2m > [22m[2mshould prevent path traversal attacks with ../
@norberts-spark/backend:test:unit: [22m[39m[dotenv@17.3.1] injecting env (23) from .env -- tip: ⚙️  load multiple .env files with { path: ['.env.local', '.env'] }
@norberts-spark/backend:test:unit: 
@norberts-spark/backend:test:unit: [90mstdout[2m | test/infrastructure/ai/tokeniseGemini.test.ts[2m > [22m[2mTokeniseGemini[2m > [22m[2mPath Security[2m > [22m[2mshould prevent absolute path injection
@norberts-spark/backend:test:unit: [22m[39m[dotenv@17.3.1] injecting env (23) from .env -- tip: ⚙️  suppress all logs with { quiet: true }
@norberts-spark/backend:test:unit: 
@norberts-spark/backend:test:unit: [90mstdout[2m | test/infrastructure/ai/tokeniseGemini.test.ts[2m > [22m[2mTokeniseGemini[2m > [22m[2mPath Security[2m > [22m[2mshould allow files in subdirectories of baseDir
@norberts-spark/backend:test:unit: [22m[39m[dotenv@17.3.1] injecting env (23) from .env -- tip: 🤖 agentic secret storage: https://dotenvx.com/as2
@norberts-spark/backend:test:unit: 
@norberts-spark/backend:test:unit: [90mstdout[2m | test/infrastructure/ai/tokeniseGemini.test.ts[2m > [22m[2mTokeniseGemini[2m > [22m[2mAPI Integration[2m > [22m[2mshould pass correct structure to countTokens API
@norberts-spark/backend:test:unit: [22m[39m[dotenv@17.3.1] injecting env (23) from .env -- tip: 🛡️ auth for agents: https://vestauth.com
@norberts-spark/backend:test:unit: 
@norberts-spark/backend:test:unit: [90mstdout[2m | test/infrastructure/ai/tokeniseGemini.test.ts[2m > [22m[2mTokeniseGemini[2m > [22m[2mAPI Integration[2m > [22m[2mshould return totalTokens from API response
@norberts-spark/backend:test:unit: [22m[39m[dotenv@17.3.1] injecting env (23) from .env -- tip: 🔐 prevent committing .env to code: https://dotenvx.com/precommit
@norberts-spark/backend:test:unit: 
@norberts-spark/backend:test:unit: [90mstdout[2m | test/infrastructure/ai/tokeniseGemini.test.ts[2m > [22m[2mTokeniseGemini[2m > [22m[2mAPI Integration[2m > [22m[2mshould handle large token counts
@norberts-spark/backend:test:unit: [22m[39m[dotenv@17.3.1] injecting env (23) from .env -- tip: 🔐 prevent committing .env to code: https://dotenvx.com/precommit
@norberts-spark/backend:test:unit: 
@norberts-spark/backend:test:unit: [90mstdout[2m | test/infrastructure/ai/tokeniseGemini.test.ts[2m > [22m[2mTokeniseGemini[2m > [22m[2mEdge Cases[2m > [22m[2mshould handle files with UTF-8 encoding
@norberts-spark/backend:test:unit: [22m[39m[dotenv@17.3.1] injecting env (23) from .env -- tip: ⚙️  suppress all logs with { quiet: true }
@norberts-spark/backend:test:unit: 
@norberts-spark/backend:test:unit: [90mstdout[2m | test/infrastructure/ai/tokeniseGemini.test.ts[2m > [22m[2mTokeniseGemini[2m > [22m[2mEdge Cases[2m > [22m[2mshould work with normalized paths
@norberts-spark/backend:test:unit: [22m[39m[dotenv@17.3.1] injecting env (23) from .env -- tip: ⚙️  suppress all logs with { quiet: true }
@norberts-spark/backend:test:unit: 
@norberts-spark/backend:test:unit: [90mstdout[2m | test/infrastructure/ai/tokeniseGemini.test.ts[2m > [22m[2mTokeniseGemini[2m > [22m[2mEdge Cases[2m > [22m[2mshould handle concurrent calls
@norberts-spark/backend:test:unit: [22m[39m[dotenv@17.3.1] injecting env (23) from .env -- tip: 🛠️  run anywhere with `dotenvx run -- yourcommand`
@norberts-spark/backend:test:unit: 
@norberts-spark/backend:test:unit: [90mstdout[2m | test/infrastructure/ai/tokeniseGemini.test.ts[2m > [22m[2mTokeniseGemini[2m > [22m[2mEdge Cases[2m > [22m[2mshould maintain singleton across concurrent getInstance calls
@norberts-spark/backend:test:unit: [22m[39m[dotenv@17.3.1] injecting env (23) from .env -- tip: ⚙️  specify custom .env file path with { path: '/custom/path/.env' }
@norberts-spark/backend:test:unit: 
@norberts-spark/backend:test:unit: [90mstdout[2m | test/infrastructure/ai/tokeniseGemini.test.ts[2m > [22m[2mTokeniseGemini[2m > [22m[2mError Messages[2m > [22m[2mshould include file path in read error message
@norberts-spark/backend:test:unit: [22m[39m[dotenv@17.3.1] injecting env (23) from .env -- tip: ⚙️  override existing env vars with { override: true }
@norberts-spark/backend:test:unit: 
@norberts-spark/backend:test:unit: [90mstdout[2m | test/infrastructure/ai/tokeniseGemini.test.ts[2m > [22m[2mTokeniseGemini[2m > [22m[2mError Messages[2m > [22m[2mshould include both file path and base dir in validation error
@norberts-spark/backend:test:unit: [22m[39m[dotenv@17.3.1] injecting env (23) from .env -- tip: ⚙️  override existing env vars with { override: true }
@norberts-spark/backend:test:unit: 
@norberts-spark/backend:test:unit: [90mstdout[2m | test/infrastructure/ai/tokeniseGemini.test.ts[2m > [22m[2mTokeniseGemini[2m > [22m[2mError Messages[2m > [22m[2mshould preserve original error message from file system
@norberts-spark/backend:test:unit: [22m[39m[dotenv@17.3.1] injecting env (23) from .env -- tip: 🤖 agentic secret storage: https://dotenvx.com/as2
@norberts-spark/backend:test:unit: 
@norberts-spark/backend:test:unit:  [32m✓[39m test/infrastructure/ai/tokeniseGemini.test.ts [2m([22m[2m33 tests[22m[2m)[22m[32m 94[2mms[22m[39m
@norberts-spark/backend:test:unit:  [32m✓[39m test/application/use-cases/extract-data.use-case.test.ts [2m([22m[2m34 tests[22m[2m)[22m[32m 34[2mms[22m[39m
@norberts-spark/backend:test:unit:  [32m✓[39m test/shared/utils/fastify.util.test.ts [2m([22m[2m50 tests[22m[2m)[22m[32m 100[2mms[22m[39m
@norberts-spark/backend:test:unit:  [32m✓[39m test/domain/value-objects/password.test.ts [2m([22m[2m45 tests[22m[2m)[22m[33m 14250[2mms[22m[39m
@norberts-spark/backend:test:unit:        [33m[2m✓[22m[39m should create different hashes for the same password due to salting [33m 322[2mms[22m[39m
@norberts-spark/backend:test:unit:        [33m[2m✓[22m[39m should accept long passwords [33m 313[2mms[22m[39m
@norberts-spark/backend:test:unit:        [33m[2m✓[22m[39m should be case-sensitive [33m 326[2mms[22m[39m
@norberts-spark/backend:test:unit:        [33m[2m✓[22m[39m should handle special characters correctly [33m 453[2mms[22m[39m
@norberts-spark/backend:test:unit:        [33m[2m✓[22m[39m should handle unicode characters correctly [33m 626[2mms[22m[39m
@norberts-spark/backend:test:unit:        [33m[2m✓[22m[39m should handle passwords with spaces [33m 1063[2mms[22m[39m
@norberts-spark/backend:test:unit:        [33m[2m✓[22m[39m should work with password reconstructed from hash [33m 529[2mms[22m[39m
@norberts-spark/backend:test:unit:        [33m[2m✓[22m[39m should return false for empty string when password is set [33m 424[2mms[22m[39m
@norberts-spark/backend:test:unit:        [33m[2m✓[22m[39m should return a valid bcrypt hash that can be verified [33m 399[2mms[22m[39m
@norberts-spark/backend:test:unit:        [33m[2m✓[22m[39m should maintain hash integrity after multiple matches calls [33m 1189[2mms[22m[39m
@norberts-spark/backend:test:unit:        [33m[2m✓[22m[39m should work with generic string types [33m 405[2mms[22m[39m
@norberts-spark/backend:test:unit:        [33m[2m✓[22m[39m should handle very long passwords [33m 724[2mms[22m[39m
@norberts-spark/backend:test:unit:        [33m[2m✓[22m[39m should handle password with only numbers [33m 1006[2mms[22m[39m
@norberts-spark/backend:test:unit:        [33m[2m✓[22m[39m should handle password with only special characters [33m 1051[2mms[22m[39m
@norberts-spark/backend:test:unit:        [33m[2m✓[22m[39m should handle password with newlines and tabs [33m 794[2mms[22m[39m
@norberts-spark/backend:test:unit:        [33m[2m✓[22m[39m should handle multiple password instances independently [33m 1340[2mms[22m[39m
@norberts-spark/backend:test:unit:        [33m[2m✓[22m[39m should use bcrypt with 10 salt rounds [33m 345[2mms[22m[39m
@norberts-spark/backend:test:unit: [90mstdout[2m | test/infrastructure/http/middleware/auth.middleware.test.ts
@norberts-spark/backend:test:unit: [22m[39m[dotenv@17.3.1] injecting env (23) from .env -- tip: ⚙️  write to custom object with { processEnv: myObject }
@norberts-spark/backend:test:unit: 
@norberts-spark/backend:test:unit:  [32m✓[39m test/infrastructure/ai/middleware/cache.middleware.test.ts [2m([22m[2m3 tests[22m[2m)[22m[32m 232[2mms[22m[39m
@norberts-spark/backend:test:unit:  [32m✓[39m test/shared/exceptions/type.exception.test.ts [2m([22m[2m18 tests[22m[2m)[22m[32m 14[2mms[22m[39m
@norberts-spark/backend:test:unit:  [32m✓[39m test/adapters/secondary/repositories/user.repository.test.ts [2m([22m[2m52 tests[22m[2m)[22m[33m 13382[2mms[22m[39m
@norberts-spark/backend:test:unit:          [33m[2m✓[22m[39m should throw ConflictException when email exists with password [33m 337[2mms[22m[39m
@norberts-spark/backend:test:unit:          [33m[2m✓[22m[39m should create new user and return userId with isNewUser: true [33m 517[2mms[22m[39m
@norberts-spark/backend:test:unit:        [33m[2m✓[22m[39m should return paginated users with custom limit and offset [33m 322[2mms[22m[39m
@norberts-spark/backend:test:unit:        [33m[2m✓[22m[39m should return empty array when no users exist [33m 353[2mms[22m[39m
@norberts-spark/backend:test:unit:        [33m[2m✓[22m[39m should return null when user is not found [33m 319[2mms[22m[39m
@norberts-spark/backend:test:unit:        [33m[2m✓[22m[39m should return User entity when found [33m 428[2mms[22m[39m
@norberts-spark/backend:test:unit:        [33m[2m✓[22m[39m should call database with correct userId [33m 407[2mms[22m[39m
@norberts-spark/backend:test:unit:        [33m[2m✓[22m[39m should return null when user is not found [33m 586[2mms[22m[39m
@norberts-spark/backend:test:unit:        [33m[2m✓[22m[39m should return User entity when found by email [33m 307[2mms[22m[39m
@norberts-spark/backend:test:unit:        [33m[2m✓[22m[39m should handle multiple results by returning first [33m 371[2mms[22m[39m
@norberts-spark/backend:test:unit:        [33m[2m✓[22m[39m should update user in database [33m 413[2mms[22m[39m
@norberts-spark/backend:test:unit:        [33m[2m✓[22m[39m should update user with new values [33m 493[2mms[22m[39m
@norberts-spark/backend:test:unit:        [33m[2m✓[22m[39m should delete user by id [33m 508[2mms[22m[39m
@norberts-spark/backend:test:unit:        [33m[2m✓[22m[39m should call delete with correct id [33m 441[2mms[22m[39m
@norberts-spark/backend:test:unit:        [33m[2m✓[22m[39m should return true when email exists [33m 406[2mms[22m[39m
@norberts-spark/backend:test:unit:        [33m[2m✓[22m[39m should return false when email does not exist [33m 315[2mms[22m[39m
@norberts-spark/backend:test:unit:  [32m✓[39m test/infrastructure/http/middleware/auth.middleware.test.ts [2m([22m[2m80 tests[22m[2m)[22m[32m 162[2mms[22m[39m
@norberts-spark/backend:test:unit: [90mstdout[2m | test/application/use-cases/register-user-with-provider.use-case.test.ts
@norberts-spark/backend:test:unit: [22m[39m[dotenv@17.3.1] injecting env (23) from .env -- tip: ⚙️  load multiple .env files with { path: ['.env.local', '.env'] }
@norberts-spark/backend:test:unit: 
@norberts-spark/backend:test:unit: [90mstdout[2m | test/application/use-cases/save-chat.use-case.test.ts
@norberts-spark/backend:test:unit: [22m[39m[dotenv@17.3.1] injecting env (23) from .env -- tip: 🛠️  run anywhere with `dotenvx run -- yourcommand`
@norberts-spark/backend:test:unit: 
@norberts-spark/backend:test:unit: [90mstdout[2m | test/application/use-cases/save-chat.use-case.test.ts
@norberts-spark/backend:test:unit: [22m[39mConnecting to database...
@norberts-spark/backend:test:unit: 
@norberts-spark/backend:test:unit:  [32m✓[39m test/application/use-cases/register-user-with-provider.use-case.test.ts [2m([22m[2m25 tests[22m[2m)[22m[32m 82[2mms[22m[39m
@norberts-spark/backend:test:unit:  [32m✓[39m test/application/use-cases/log-out.use-case.test.ts [2m([22m[2m27 tests[22m[2m)[22m[32m 87[2mms[22m[39m
@norberts-spark/backend:test:unit:  [32m✓[39m test/application/use-cases/save-chat.use-case.test.ts [2m([22m[2m35 tests[22m[2m)[22m[32m 161[2mms[22m[39m
@norberts-spark/backend:test:unit:  [32m✓[39m test/application/use-cases/get-company-details.use-case.test.ts [2m([22m[2m15 tests[22m[2m)[22m[32m 32[2mms[22m[39m
@norberts-spark/backend:test:unit:  [32m✓[39m test/application/dtos/delete-users.dto.test.ts [2m([22m[2m46 tests[22m[2m)[22m[32m 24[2mms[22m[39m
@norberts-spark/backend:test:unit:  [32m✓[39m test/adapters/secondary/repositories/audit-log.repository.test.ts [2m([22m[2m29 tests[22m[2m)[22m[32m 207[2mms[22m[39m
@norberts-spark/backend:test:unit:  [32m✓[39m test/application/dtos/rag.dto.test.ts [2m([22m[2m63 tests[22m[2m)[22m[32m 61[2mms[22m[39m
@norberts-spark/backend:test:unit: [90mstdout[2m | test/adapters/primary/http/ai.rag.controller.test.ts
@norberts-spark/backend:test:unit: [22m[39m[dotenv@17.3.1] injecting env (23) from .env -- tip: 🔐 encrypt with Dotenvx: https://dotenvx.com
@norberts-spark/backend:test:unit: 
@norberts-spark/backend:test:unit: [90mstdout[2m | test/adapters/primary/http/ai.rag.controller.test.ts
@norberts-spark/backend:test:unit: [22m[39mConnecting to database...
@norberts-spark/backend:test:unit: 
@norberts-spark/backend:test:unit:  [32m✓[39m test/adapters/primary/http/ai.rag.controller.test.ts [2m([22m[2m7 tests[22m[2m)[22m[32m 26[2mms[22m[39m
@norberts-spark/backend:test:unit: [90mstdout[2m | test/application/use-cases/get-chat.use-case.test.ts
@norberts-spark/backend:test:unit: [22m[39m[dotenv@17.3.1] injecting env (23) from .env -- tip: ⚡️ secrets for agents: https://dotenvx.com/as2
@norberts-spark/backend:test:unit: 
@norberts-spark/backend:test:unit: [90mstdout[2m | test/application/use-cases/get-chat.use-case.test.ts
@norberts-spark/backend:test:unit: [22m[39mConnecting to database...
@norberts-spark/backend:test:unit: 
@norberts-spark/backend:test:unit:  [32m✓[39m test/application/use-cases/get-chat.use-case.test.ts [2m([22m[2m18 tests[22m[2m)[22m[32m 77[2mms[22m[39m
@norberts-spark/backend:test:unit:  [32m✓[39m test/shared/utils/fastify.utils.test.ts [2m([22m[2m36 tests[22m[2m)[22m[32m 143[2mms[22m[39m
@norberts-spark/backend:test:unit:  [32m✓[39m test/application/use-cases/post-ai-admin.use-case.test.ts [2m([22m[2m17 tests[22m[2m)[22m[32m 29[2mms[22m[39m
@norberts-spark/backend:test:unit:  [32m✓[39m test/scripts/serve-mermaid.test.ts [2m([22m[2m26 tests[22m[2m)[22m[32m 17[2mms[22m[39m
@norberts-spark/backend:test:unit:  [32m✓[39m test/application/dtos/oauth-sync.dto.test.ts [2m([22m[2m45 tests[22m[2m)[22m[32m 27[2mms[22m[39m
@norberts-spark/backend:test:unit:  [32m✓[39m test/adapters/secondary/repositories/company.repository.test.ts [2m([22m[2m48 tests[22m[2m)[22m[32m 69[2mms[22m[39m
@norberts-spark/backend:test:unit:  [32m✓[39m test/domain/audit/entity-type.enum.test.ts [2m([22m[2m41 tests[22m[2m)[22m[32m 15[2mms[22m[39m
@norberts-spark/backend:test:unit:  [32m✓[39m test/application/use-cases/presigned-url-put.use-case.test.ts [2m([22m[2m29 tests[22m[2m)[22m[32m 84[2mms[22m[39m
@norberts-spark/backend:test:unit:  [32m✓[39m test/infrastructure/di/container.test.ts [2m([22m[2m33 tests[22m[2m)[22m[32m 169[2mms[22m[39m
@norberts-spark/backend:test:unit:  [32m✓[39m test/shared/constants/error-codes.test.ts [2m([22m[2m48 tests[22m[2m)[22m[32m 63[2mms[22m[39m
@norberts-spark/backend:test:unit:  [32m✓[39m test/application/use-cases/delete-users.use-case.test.ts [2m([22m[2m33 tests[22m[2m)[22m[32m 93[2mms[22m[39m
@norberts-spark/backend:test:unit:  [32m✓[39m test/domain/entities/refresh-token-record.test.ts [2m([22m[2m28 tests[22m[2m)[22m[32m 29[2mms[22m[39m
@norberts-spark/backend:test:unit:  [32m✓[39m test/application/use-cases/resolve-chat-type.use-case.test.ts [2m([22m[2m20 tests[22m[2m)[22m[32m 29[2mms[22m[39m
@norberts-spark/backend:test:unit: [90mstdout[2m | test/adapters/primary/http/ai-admin.controller.test.ts
@norberts-spark/backend:test:unit: [22m[39m[dotenv@17.3.1] injecting env (23) from .env -- tip: ⚙️  load multiple .env files with { path: ['.env.local', '.env'] }
@norberts-spark/backend:test:unit: 
@norberts-spark/backend:test:unit:  [32m✓[39m test/adapters/primary/http/ai-admin.controller.test.ts [2m([22m[2m37 tests[22m[2m)[22m[32m 178[2mms[22m[39m
@norberts-spark/backend:test:unit:  [32m✓[39m test/domain/entities/chat.test.ts [2m([22m[2m17 tests[22m[2m)[22m[32m 90[2mms[22m[39m
@norberts-spark/backend:test:unit:  [31m❯[39m test/application/use-cases/login-user.use-case.test.ts [2m([22m[2m44 tests[22m[2m | [22m[31m3 failed[39m[2m)[22m[33m 18879[2mms[22m[39m
@norberts-spark/backend:test:unit: [31m         [31m×[31m should login user successfully with valid credentials[39m[33m 304[2mms[22m[39m
@norberts-spark/backend:test:unit:          [33m[2m✓[22m[39m should find user by email [33m 343[2mms[22m[39m
@norberts-spark/backend:test:unit:          [33m[2m✓[22m[39m should verify password correctly [33m 375[2mms[22m[39m
@norberts-spark/backend:test:unit:          [32m✓[39m should generate JWT token with correct payload[32m 285[2mms[22m[39m
@norberts-spark/backend:test:unit:          [32m✓[39m should log login attempt with email[32m 270[2mms[22m[39m
@norberts-spark/backend:test:unit:          [32m✓[39m should log successful login with userId and email[32m 266[2mms[22m[39m
@norberts-spark/backend:test:unit:          [33m[2m✓[22m[39m should handle admin role correctly [33m 374[2mms[22m[39m
@norberts-spark/backend:test:unit:          [33m[2m✓[22m[39m should return access token in response [33m 656[2mms[22m[39m
@norberts-spark/backend:test:unit:          [32m✓[39m should log audit entry for successful login[32m 277[2mms[22m[39m
@norberts-spark/backend:test:unit:          [32m✓[39m should throw UnauthorizedException when user does not exist[32m 2[2mms[22m[39m
@norberts-spark/backend:test:unit:          [32m✓[39m should log warning when user is not found[32m 1[2mms[22m[39m
@norberts-spark/backend:test:unit:          [32m✓[39m should not call token generator when user is not found[32m 0[2mms[22m[39m
@norberts-spark/backend:test:unit:          [32m✓[39m should not log successful login when user is not found[32m 1[2mms[22m[39m
@norberts-spark/backend:test:unit:          [32m✓[39m should use generic error message to prevent user enumeration[32m 0[2mms[22m[39m
@norberts-spark/backend:test:unit:          [33m[2m✓[22m[39m should throw UnauthorizedException when password is incorrect [33m 1052[2mms[22m[39m
@norberts-spark/backend:test:unit:          [33m[2m✓[22m[39m should log warning when password is invalid [33m 399[2mms[22m[39m
@norberts-spark/backend:test:unit:          [33m[2m✓[22m[39m should not call token generator when password is invalid [33m 366[2mms[22m[39m
@norberts-spark/backend:test:unit:          [33m[2m✓[22m[39m should not log successful login when password is invalid [33m 367[2mms[22m[39m
@norberts-spark/backend:test:unit:          [33m[2m✓[22m[39m should use generic error message to prevent password guessing [33m 383[2mms[22m[39m
@norberts-spark/backend:test:unit:          [32m✓[39m should handle repository errors gracefully[32m 1[2mms[22m[39m
@norberts-spark/backend:test:unit:          [33m[2m✓[22m[39m should handle email with different casing [33m 675[2mms[22m[39m
@norberts-spark/backend:test:unit:          [32m✓[39m should handle password verification failure[32m 291[2mms[22m[39m
@norberts-spark/backend:test:unit:          [33m[2m✓[22m[39m should generate unique tokens for different users [33m 1156[2mms[22m[39m
@norberts-spark/backend:test:unit:          [33m[2m✓[22m[39m should not expose user existence through different error messages [33m 1107[2mms[22m[39m
@norberts-spark/backend:test:unit:          [33m[2m✓[22m[39m should not leak user information in successful login response [33m 887[2mms[22m[39m
@norberts-spark/backend:test:unit:          [33m[2m✓[22m[39m should log sensitive operations for security audit [33m 965[2mms[22m[39m
@norberts-spark/backend:test:unit:          [32m✓[39m should log failed login attempts for security monitoring[32m 3[2mms[22m[39m
@norberts-spark/backend:test:unit:          [33m[2m✓[22m[39m should include user ID in token payload [33m 846[2mms[22m[39m
@norberts-spark/backend:test:unit:          [33m[2m✓[22m[39m should include email in token payload [33m 605[2mms[22m[39m
@norberts-spark/backend:test:unit:          [33m[2m✓[22m[39m should include roles in token payload [33m 447[2mms[22m[39m
@norberts-spark/backend:test:unit:          [33m[2m✓[22m[39m should handle token generation failure [33m 459[2mms[22m[39m
@norberts-spark/backend:test:unit:          [33m[2m✓[22m[39m should generate and store refresh token on successful login [33m 431[2mms[22m[39m
@norberts-spark/backend:test:unit:          [33m[2m✓[22m[39m should return raw refresh token in response [33m 601[2mms[22m[39m
@norberts-spark/backend:test:unit: [31m         [31m×[31m should return correct expiresIn value (7 days)[39m[33m 334[2mms[22m[39m
@norberts-spark/backend:test:unit:          [33m[2m✓[22m[39m should generate unique tokenFamily for each login [33m 656[2mms[22m[39m
@norberts-spark/backend:test:unit:          [33m[2m✓[22m[39m should store SHA-256 hash, not raw refresh token [33m 484[2mms[22m[39m
@norberts-spark/backend:test:unit: [31m         [31m×[31m should set correct expiration date (7 days from now)[39m[33m 416[2mms[22m[39m
@norberts-spark/backend:test:unit:          [33m[2m✓[22m[39m should pass audit context to refresh token repository [33m 306[2mms[22m[39m
@norberts-spark/backend:test:unit:          [33m[2m✓[22m[39m should handle undefined userAgent in audit context [33m 488[2mms[22m[39m
@norberts-spark/backend:test:unit:          [33m[2m✓[22m[39m should not create refresh token if password is incorrect [33m 377[2mms[22m[39m
@norberts-spark/backend:test:unit:          [32m✓[39m should not create refresh token if user is not found[32m 2[2mms[22m[39m
@norberts-spark/backend:test:unit:          [33m[2m✓[22m[39m should propagate error if refresh token storage fails [33m 378[2mms[22m[39m
@norberts-spark/backend:test:unit:          [33m[2m✓[22m[39m should generate different refresh tokens for same user on different logins [33m 628[2mms[22m[39m
@norberts-spark/backend:test:unit:          [33m[2m✓[22m[39m should store userId from authenticated user [33m 608[2mms[22m[39m
@norberts-spark/backend:test:unit:  [32m✓[39m test/application/dtos/post-ai-admin.dto.test.ts [2m([22m[2m31 tests[22m[2m)[22m[32m 28[2mms[22m[39m
@norberts-spark/backend:test:unit:  [32m✓[39m test/scripts/seed-customers.test.ts [2m([22m[2m33 tests[22m[2m)[22m[32m 80[2mms[22m[39m
@norberts-spark/backend:test:unit:  [32m✓[39m test/adapters/secondary/repositories/ai-admin.repository.test.ts [2m([22m[2m29 tests[22m[2m)[22m[32m 249[2mms[22m[39m
@norberts-spark/backend:test:unit:  [32m✓[39m test/adapters/secondary/repositories/refreshTokenRepo.repository.test.ts [2m([22m[2m29 tests[22m[2m)[22m[32m 195[2mms[22m[39m
@norberts-spark/backend:test:unit:  [32m✓[39m test/application/dtos/put-chat-type.dto.test.ts [2m([22m[2m51 tests[22m[2m)[22m[32m 176[2mms[22m[39m
@norberts-spark/backend:test:unit: [90mstdout[2m | test/infrastructure/security/jwt.util.test.ts
@norberts-spark/backend:test:unit: [22m[39m[dotenv@17.3.1] injecting env (23) from .env -- tip: ⚙️  write to custom object with { processEnv: myObject }
@norberts-spark/backend:test:unit: 
@norberts-spark/backend:test:unit:  [32m✓[39m test/application/use-cases/put-company-details.use-case.test.ts [2m([22m[2m13 tests[22m[2m)[22m[33m 382[2mms[22m[39m
@norberts-spark/backend:test:unit:  [32m✓[39m test/shared/exceptions/not-found.exception.test.ts [2m([22m[2m20 tests[22m[2m)[22m[32m 227[2mms[22m[39m
@norberts-spark/backend:test:unit:  [32m✓[39m test/infrastructure/security/jwt.util.test.ts [2m([22m[2m37 tests[22m[2m)[22m[33m 621[2mms[22m[39m
@norberts-spark/backend:test:unit:  [32m✓[39m test/domain/value-objects/userID.test.ts [2m([22m[2m37 tests[22m[2m)[22m[32m 68[2mms[22m[39m
@norberts-spark/backend:test:unit:  [32m✓[39m test/adapters/secondary/repositories/ai-chat-content.repository.test.ts [2m([22m[2m53 tests[22m[2m)[22m[32m 146[2mms[22m[39m
@norberts-spark/backend:test:unit:  [32m✓[39m test/application/use-cases/put-ai-admin.use-case.test.ts [2m([22m[2m12 tests[22m[2m)[22m[32m 169[2mms[22m[39m
@norberts-spark/backend:test:unit:  [32m✓[39m test/shared/exceptions/external-service.exception.test.ts [2m([22m[2m18 tests[22m[2m)[22m[32m 41[2mms[22m[39m
@norberts-spark/backend:test:unit:  [32m✓[39m test/adapters/secondary/repositories/ai.repository.test.ts [2m([22m[2m25 tests[22m[2m)[22m[32m 166[2mms[22m[39m
@norberts-spark/backend:test:unit: [90mstdout[2m | test/adapters/primary/http/ai.extract-data.controller.test.ts
@norberts-spark/backend:test:unit: [22m[39m[dotenv@17.3.1] injecting env (23) from .env -- tip: 🛠️  run anywhere with `dotenvx run -- yourcommand`
@norberts-spark/backend:test:unit: 
@norberts-spark/backend:test:unit:  [32m✓[39m test/adapters/secondary/repositories/ai-rag.repository.test.ts [2m([22m[2m5 tests[22m[2m)[22m[32m 44[2mms[22m[39m
@norberts-spark/backend:test:unit:  [32m✓[39m test/adapters/primary/http/ai.extract-data.controller.test.ts [2m([22m[2m41 tests[22m[2m)[22m[32m 90[2mms[22m[39m
@norberts-spark/backend:test:unit: [90mstdout[2m | test/application/use-cases/get-chats-by-userid.use-case.test.ts
@norberts-spark/backend:test:unit: [22m[39m[dotenv@17.3.1] injecting env (23) from .env -- tip: ⚙️  write to custom object with { processEnv: myObject }
@norberts-spark/backend:test:unit: 
@norberts-spark/backend:test:unit: [90mstdout[2m | test/application/use-cases/get-chats-by-userid.use-case.test.ts
@norberts-spark/backend:test:unit: [22m[39mConnecting to database...
@norberts-spark/backend:test:unit: 
@norberts-spark/backend:test:unit:  [32m✓[39m test/domain/value-objects/uuid.test.ts [2m([22m[2m30 tests[22m[2m)[22m[32m 25[2mms[22m[39m
@norberts-spark/backend:test:unit:  [32m✓[39m test/application/use-cases/get-ai-admin.use-case.test.ts [2m([22m[2m10 tests[22m[2m)[22m[32m 96[2mms[22m[39m
@norberts-spark/backend:test:unit:  [32m✓[39m test/application/use-cases/get-chats-by-userid.use-case.test.ts [2m([22m[2m22 tests[22m[2m)[22m[32m 213[2mms[22m[39m
@norberts-spark/backend:test:unit: [90mstdout[2m | test/adapters/primary/http/auth.controller.test.ts
@norberts-spark/backend:test:unit: [22m[39m[dotenv@17.3.1] injecting env (23) from .env -- tip: 🛡️ auth for agents: https://vestauth.com
@norberts-spark/backend:test:unit: 
@norberts-spark/backend:test:unit:  [32m✓[39m test/adapters/primary/http/auth.controller.test.ts [2m([22m[2m40 tests[22m[2m)[22m[32m 165[2mms[22m[39m
@norberts-spark/backend:test:unit:  [32m✓[39m test/infrastructure/ai/tools/heart-of-darkness.tool.test.ts [2m([22m[2m32 tests[22m[2m)[22m[32m 106[2mms[22m[39m
@norberts-spark/backend:test:unit:  [32m✓[39m test/schema.test.ts [2m([22m[2m365 tests[22m[2m)[22m[32m 188[2mms[22m[39m
@norberts-spark/backend:test:unit:  [32m✓[39m test/application/services/text-analysis.service.test.ts [2m([22m[2m15 tests[22m[2m)[22m[32m 177[2mms[22m[39m
@norberts-spark/backend:test:unit:  [32m✓[39m test/shared/utils/string.util.test.ts [2m([22m[2m57 tests[22m[2m)[22m[32m 22[2mms[22m[39m
@norberts-spark/backend:test:unit:  [32m✓[39m test/shared/exceptions/base.exception.test.ts [2m([22m[2m12 tests[22m[2m)[22m[32m 46[2mms[22m[39m
@norberts-spark/backend:test:unit:  [32m✓[39m test/application/dtos/extract-data.dto.test.ts [2m([22m[2m46 tests[22m[2m)[22m[33m 344[2mms[22m[39m
@norberts-spark/backend:test:unit:  [32m✓[39m test/infrastructure/http/middleware/role.middleware.test.ts [2m([22m[2m18 tests[22m[2m)[22m[32m 130[2mms[22m[39m
@norberts-spark/backend:test:unit:  [32m✓[39m test/application/use-cases/post-chat-types.use-case.test.ts [2m([22m[2m21 tests[22m[2m)[22m[32m 130[2mms[22m[39m
@norberts-spark/backend:test:unit: [90mstdout[2m | test/adapters/primary/http/company.controller.test.ts
@norberts-spark/backend:test:unit: [22m[39m[dotenv@17.3.1] injecting env (23) from .env -- tip: ⚡️ secrets for agents: https://dotenvx.com/as2
@norberts-spark/backend:test:unit: 
@norberts-spark/backend:test:unit:  [32m✓[39m test/adapters/secondary/services/jwt-token-generator.service.test.ts [2m([22m[2m21 tests[22m[2m)[22m[32m 32[2mms[22m[39m
@norberts-spark/backend:test:unit:  [32m✓[39m test/adapters/primary/http/company.controller.test.ts [2m([22m[2m29 tests[22m[2m)[22m[33m 430[2mms[22m[39m
@norberts-spark/backend:test:unit:  [32m✓[39m test/adapters/secondary/repositories/refresh-token.repository.test.ts [2m([22m[2m23 tests[22m[2m)[22m[33m 667[2mms[22m[39m
@norberts-spark/backend:test:unit:  [32m✓[39m test/application/dtos/register-user.dto.test.ts [2m([22m[2m72 tests[22m[2m)[22m[32m 45[2mms[22m[39m
@norberts-spark/backend:test:unit: [90mstdout[2m | test/infrastructure/http/middleware/auth-sync-auth.middleware.test.ts
@norberts-spark/backend:test:unit: [22m[39m[dotenv@17.3.1] injecting env (23) from .env -- tip: 🔐 prevent committing .env to code: https://dotenvx.com/precommit
@norberts-spark/backend:test:unit: 
@norberts-spark/backend:test:unit:  [32m✓[39m test/infrastructure/http/middleware/auth-sync-auth.middleware.test.ts [2m([22m[2m34 tests[22m[2m)[22m[32m 49[2mms[22m[39m
@norberts-spark/backend:test:unit:  [32m✓[39m test/domain/audit/audit-log.entity.test.ts [2m([22m[2m48 tests[22m[2m)[22m[32m 74[2mms[22m[39m
@norberts-spark/backend:test:unit:  [32m✓[39m test/shared/exceptions/validation.exception.test.ts [2m([22m[2m13 tests[22m[2m)[22m[32m 27[2mms[22m[39m
@norberts-spark/backend:test:unit:  [32m✓[39m test/adapters/secondary/services/email.service.test.ts [2m([22m[2m23 tests[22m[2m)[22m[32m 141[2mms[22m[39m
@norberts-spark/backend:test:unit:  [32m✓[39m test/domain/value-objects/refreshToken.test.ts [2m([22m[2m40 tests[22m[2m)[22m[32m 26[2mms[22m[39m
@norberts-spark/backend:test:unit:  [32m✓[39m test/domain/value-objects/chatID.test.ts [2m([22m[2m26 tests[22m[2m)[22m[32m 110[2mms[22m[39m
@norberts-spark/backend:test:unit:  [32m✓[39m test/scripts/seed-chat.test.ts [2m([22m[2m28 tests[22m[2m)[22m[32m 259[2mms[22m[39m
@norberts-spark/backend:test:unit:  [32m✓[39m test/application/use-cases/get-text.use-case.test.ts [2m([22m[2m51 tests[22m[2m)[22m[32m 38[2mms[22m[39m
@norberts-spark/backend:test:unit:  [32m✓[39m test/application/dtos/update-company.dto.test.ts [2m([22m[2m85 tests[22m[2m)[22m[32m 125[2mms[22m[39m
@norberts-spark/backend:test:unit:  [32m✓[39m test/application/use-cases/put-chat-details.use-case.test.ts [2m([22m[2m11 tests[22m[2m)[22m[32m 119[2mms[22m[39m
@norberts-spark/backend:test:unit:  [32m✓[39m test/shared/utils/mask-ip.test.ts [2m([22m[2m31 tests[22m[2m)[22m[32m 32[2mms[22m[39m
@norberts-spark/backend:test:unit:  [32m✓[39m test/application/use-cases/get-chat-details.use-case.test.ts [2m([22m[2m9 tests[22m[2m)[22m[32m 107[2mms[22m[39m
@norberts-spark/backend:test:unit:  [32m✓[39m test/infrastructure/http/middleware/audit-context.middleware.test.ts [2m([22m[2m35 tests[22m[2m)[22m[32m 52[2mms[22m[39m
@norberts-spark/backend:test:unit:  [32m✓[39m test/shared/utils/security-validation.util.test.ts [2m([22m[2m46 tests[22m[2m)[22m[32m 177[2mms[22m[39m
@norberts-spark/backend:test:unit:  [32m✓[39m test/shared/utils/validation.util.test.ts [2m([22m[2m55 tests[22m[2m)[22m[32m 56[2mms[22m[39m
@norberts-spark/backend:test:unit:  [32m✓[39m test/application/use-cases/get-chat-content-by-chat-id.use-case.test.ts [2m([22m[2m22 tests[22m[2m)[22m[32m 57[2mms[22m[39m
@norberts-spark/backend:test:unit:  [32m✓[39m test/domain/value-objects/role.test.ts [2m([22m[2m26 tests[22m[2m)[22m[32m 30[2mms[22m[39m
@norberts-spark/backend:test:unit:  [32m✓[39m test/application/dtos/put-ai-admin.dto.test.ts [2m([22m[2m74 tests[22m[2m)[22m[32m 81[2mms[22m[39m
@norberts-spark/backend:test:unit:  [32m✓[39m test/domain/audit/redact-sensitive-data.test.ts [2m([22m[2m34 tests[22m[2m)[22m[32m 34[2mms[22m[39m
@norberts-spark/backend:test:unit:  [32m✓[39m test/adapters/secondary/repositories/ai-chat-options.repository.test.ts [2m([22m[2m7 tests[22m[2m)[22m[32m 173[2mms[22m[39m
@norberts-spark/backend:test:unit:  [32m✓[39m test/shared/exceptions/unprocessable-entity.exception.test.ts [2m([22m[2m23 tests[22m[2m)[22m[32m 37[2mms[22m[39m
@norberts-spark/backend:test:unit:  [32m✓[39m test/scripts/seed-users.test.ts [2m([22m[2m7 tests[22m[2m)[22m[32m 10[2mms[22m[39m
@norberts-spark/backend:test:unit:  [32m✓[39m test/application/use-cases/get-chat-ai-options.use-case.test.ts [2m([22m[2m10 tests[22m[2m)[22m[33m 310[2mms[22m[39m
@norberts-spark/backend:test:unit:  [32m✓[39m test/domain/value-objects/email.test.ts [2m([22m[2m31 tests[22m[2m)[22m[32m 31[2mms[22m[39m
@norberts-spark/backend:test:unit:  [32m✓[39m test/application/dtos/post-chat-type.dto.test.ts [2m([22m[2m49 tests[22m[2m)[22m[32m 31[2mms[22m[39m
@norberts-spark/backend:test:unit:  [32m✓[39m test/shared/constants/http-status.test.ts [2m([22m[2m23 tests[22m[2m)[22m[32m 127[2mms[22m[39m
@norberts-spark/backend:test:unit:  [32m✓[39m test/application/dtos/login-user.dto.test.ts [2m([22m[2m56 tests[22m[2m)[22m[32m 36[2mms[22m[39m
@norberts-spark/backend:test:unit:  [32m✓[39m test/shared/utils/uuid7.util.test.ts [2m([22m[2m28 tests[22m[2m)[22m[32m 52[2mms[22m[39m
@norberts-spark/backend:test:unit:  [32m✓[39m test/shared/utils/SEO.util.test.ts [2m([22m[2m30 tests[22m[2m)[22m[32m 20[2mms[22m[39m
@norberts-spark/backend:test:unit:  [32m✓[39m test/shared/exceptions/internal-error.exception.test.ts [2m([22m[2m18 tests[22m[2m)[22m[32m 227[2mms[22m[39m
@norberts-spark/backend:test:unit:  [32m✓[39m test/shared/exceptions/conflict.exception.test.ts [2m([22m[2m16 tests[22m[2m)[22m[32m 26[2mms[22m[39m
@norberts-spark/backend:test:unit:  [32m✓[39m test/domain/entities/user.test.ts [2m([22m[2m70 tests[22m[2m)[22m[33m 38889[2mms[22m[39m
@norberts-spark/backend:test:unit:        [33m[2m✓[22m[39m should update password when old password is correct [33m 597[2mms[22m[39m
@norberts-spark/backend:test:unit:        [33m[2m✓[22m[39m should throw ValidationException when old password is incorrect [33m 1210[2mms[22m[39m
@norberts-spark/backend:test:unit:        [33m[2m✓[22m[39m should verify password with new password after successful update [33m 974[2mms[22m[39m
@norberts-spark/backend:test:unit:        [33m[2m✓[22m[39m should not update password if old password verification fails [33m 1183[2mms[22m[39m
@norberts-spark/backend:test:unit:        [33m[2m✓[22m[39m should accept PasswordType branded type [33m 932[2mms[22m[39m
@norberts-spark/backend:test:unit:        [33m[2m✓[22m[39m should handle password update with special characters [33m 1153[2mms[22m[39m
@norberts-spark/backend:test:unit:        [33m[2m✓[22m[39m should handle empty string as old password gracefully [33m 1813[2mms[22m[39m
@norberts-spark/backend:test:unit:        [33m[2m✓[22m[39m should enforce email verification for email updates [33m 560[2mms[22m[39m
@norberts-spark/backend:test:unit:        [33m[2m✓[22m[39m should require old password verification for password updates [33m 1341[2mms[22m[39m
@norberts-spark/backend:test:unit:        [33m[2m✓[22m[39m should accept Password type for password parameter [33m 319[2mms[22m[39m
@norberts-spark/backend:test:unit:        [33m[2m✓[22m[39m should handle sequential password updates correctly [33m 1717[2mms[22m[39m
@norberts-spark/backend:test:unit:        [33m[2m✓[22m[39m should work with Password value object hashing [33m 661[2mms[22m[39m
@norberts-spark/backend:test:unit:        [33m[2m✓[22m[39m should return different hashes for different passwords [33m 507[2mms[22m[39m
@norberts-spark/backend:test:unit:        [33m[2m✓[22m[39m should return the same hash for same password input [33m 637[2mms[22m[39m
@norberts-spark/backend:test:unit:        [33m[2m✓[22m[39m should return updated hash after password change [33m 837[2mms[22m[39m
@norberts-spark/backend:test:unit:        [33m[2m✓[22m[39m should never expose the plain text password [33m 464[2mms[22m[39m
@norberts-spark/backend:test:unit:        [33m[2m✓[22m[39m should return consistent hash length (bcrypt produces 60 character hashes) [33m 382[2mms[22m[39m
@norberts-spark/backend:test:unit:        [33m[2m✓[22m[39m should return true for correct password [33m 1177[2mms[22m[39m
@norberts-spark/backend:test:unit:        [33m[2m✓[22m[39m should return false for incorrect password [33m 512[2mms[22m[39m
@norberts-spark/backend:test:unit:        [33m[2m✓[22m[39m should return false for empty string password [33m 497[2mms[22m[39m
@norberts-spark/backend:test:unit:        [33m[2m✓[22m[39m should be case-sensitive [33m 701[2mms[22m[39m
@norberts-spark/backend:test:unit:        [33m[2m✓[22m[39m should handle special characters correctly [33m 672[2mms[22m[39m
@norberts-spark/backend:test:unit:        [33m[2m✓[22m[39m should handle passwords with spaces [33m 1242[2mms[22m[39m
@norberts-spark/backend:test:unit:        [33m[2m✓[22m[39m should verify password after password update [33m 1958[2mms[22m[39m
@norberts-spark/backend:test:unit:        [33m[2m✓[22m[39m should use constant-time comparison to prevent timing attacks [33m 858[2mms[22m[39m
@norberts-spark/backend:test:unit:        [33m[2m✓[22m[39m should handle unicode characters in password [33m 2069[2mms[22m[39m
@norberts-spark/backend:test:unit:        [33m[2m✓[22m[39m should return false for password that is substring of correct password [33m 1288[2mms[22m[39m
@norberts-spark/backend:test:unit:        [33m[2m✓[22m[39m should return false for password that contains correct password [33m 508[2mms[22m[39m
@norberts-spark/backend:test:unit:        [33m[2m✓[22m[39m should handle multiple concurrent verifications [33m 1309[2mms[22m[39m
@norberts-spark/backend:test:unit:        [33m[2m✓[22m[39m should return the creation date [33m 375[2mms[22m[39m
@norberts-spark/backend:test:unit:        [33m[2m✓[22m[39m should return a valid Date object [33m 416[2mms[22m[39m
@norberts-spark/backend:test:unit:        [33m[2m✓[22m[39m should return the custom date when provided in constructor [33m 487[2mms[22m[39m
@norberts-spark/backend:test:unit:        [33m[2m✓[22m[39m should have different creation dates for users created at different times [33m 461[2mms[22m[39m
@norberts-spark/backend:test:unit:        [33m[2m✓[22m[39m should maintain creation date after email updates [33m 710[2mms[22m[39m
@norberts-spark/backend:test:unit:        [33m[2m✓[22m[39m should maintain creation date after password updates [33m 1166[2mms[22m[39m
@norberts-spark/backend:test:unit:        [33m[2m✓[22m[39m should handle dates in the past [33m 431[2mms[22m[39m
@norberts-spark/backend:test:unit:        [33m[2m✓[22m[39m should return Date object that can be formatted [33m 974[2mms[22m[39m
@norberts-spark/backend:test:unit:  [32m✓[39m test/shared/mapper/index.test.ts [2m([22m[2m3 tests[22m[2m)[22m[32m 128[2mms[22m[39m
@norberts-spark/backend:test:unit:  [32m✓[39m test/shared/utils/database.util.test.ts [2m([22m[2m8 tests[22m[2m)[22m[32m 5[2mms[22m[39m
@norberts-spark/backend:test:unit:  [32m✓[39m test/shared/exceptions/database.exception.test.ts [2m([22m[2m17 tests[22m[2m)[22m[32m 11[2mms[22m[39m
@norberts-spark/backend:test:unit:  [32m✓[39m test/infrastructure/ai/tokeniseOpenAI.test.ts [2m([22m[2m23 tests[22m[2m)[22m[33m 44163[2mms[22m[39m
@norberts-spark/backend:test:unit:        [33m[2m✓[22m[39m should return the same instance on multiple calls to getInstance [33m 1503[2mms[22m[39m
@norberts-spark/backend:test:unit:        [33m[2m✓[22m[39m should create only one instance [33m 683[2mms[22m[39m
@norberts-spark/backend:test:unit:        [33m[2m✓[22m[39m should have a private constructor (TypeScript compile-time check) [33m 646[2mms[22m[39m
@norberts-spark/backend:test:unit:        [33m[2m✓[22m[39m should tokenize a simple text file [33m 1610[2mms[22m[39m
@norberts-spark/backend:test:unit:        [33m[2m✓[22m[39m should tokenize an empty file [33m 1239[2mms[22m[39m
@norberts-spark/backend:test:unit:        [33m[2m✓[22m[39m should tokenize files with special characters [33m 2331[2mms[22m[39m
@norberts-spark/backend:test:unit:        [33m[2m✓[22m[39m should return consistent tokens for the same file [33m 3082[2mms[22m[39m
@norberts-spark/backend:test:unit:        [33m[2m✓[22m[39m should return different tokens for different files [33m 2274[2mms[22m[39m
@norberts-spark/backend:test:unit:        [33m[2m✓[22m[39m should validate file path is within base directory when baseDir is provided [33m 1437[2mms[22m[39m
@norberts-spark/backend:test:unit:        [33m[2m✓[22m[39m should reject file path outside base directory [33m 1568[2mms[22m[39m
@norberts-spark/backend:test:unit:        [33m[2m✓[22m[39m should tokenize simple text content [33m 1244[2mms[22m[39m
@norberts-spark/backend:test:unit:        [33m[2m✓[22m[39m should tokenize empty content [33m 1698[2mms[22m[39m
@norberts-spark/backend:test:unit:        [33m[2m✓[22m[39m should tokenize content with special characters [33m 3507[2mms[22m[39m
@norberts-spark/backend:test:unit:        [33m[2m✓[22m[39m should return consistent tokens for the same content [33m 3072[2mms[22m[39m
@norberts-spark/backend:test:unit:        [33m[2m✓[22m[39m should return different tokens for different content [33m 4299[2mms[22m[39m
@norberts-spark/backend:test:unit:        [33m[2m✓[22m[39m should throw an error for non-existent files [33m 3869[2mms[22m[39m
@norberts-spark/backend:test:unit:        [33m[2m✓[22m[39m should include the file path in the error message [33m 4034[2mms[22m[39m
@norberts-spark/backend:test:unit:        [33m[2m✓[22m[39m should return an array of numbers [33m 3552[2mms[22m[39m
@norberts-spark/backend:test:unit:        [33m[2m✓[22m[39m should return positive token IDs [33m 2487[2mms[22m[39m
@norberts-spark/backend:test:unit: 
@norberts-spark/backend:test:unit: [31m⎯⎯⎯⎯⎯⎯⎯[39m[1m[41m Failed Tests 3 [49m[22m[31m⎯⎯⎯⎯⎯⎯⎯[39m
@norberts-spark/backend:test:unit: 
@norberts-spark/backend:test:unit: [41m[1m FAIL [22m[49m test/application/use-cases/login-user.use-case.test.ts[2m > [22mLoginUserUseCase[2m > [22mexecute()[2m > [22msuccessful login[2m > [22mshould login user successfully with valid credentials
@norberts-spark/backend:test:unit: [31m[1mAssertionError[22m: expected Invalid Date to be 604800 // Object.is equality[39m
@norberts-spark/backend:test:unit: 
@norberts-spark/backend:test:unit: [32m- Expected:[39m 
@norberts-spark/backend:test:unit: 604800
@norberts-spark/backend:test:unit: 
@norberts-spark/backend:test:unit: [31m+ Received:[39m 
@norberts-spark/backend:test:unit: Date { NaN }
@norberts-spark/backend:test:unit: 
@norberts-spark/backend:test:unit: [36m [2m❯[22m test/application/use-cases/login-user.use-case.test.ts:[2m121:34[22m[39m
@norberts-spark/backend:test:unit:     [90m119| [39m        [34mexpect[39m(result[33m.[39mrefreshToken)[33m.[39m[34mtoBeDefined[39m()
@norberts-spark/backend:test:unit:     [90m120| [39m        [34mexpect[39m([35mtypeof[39m result[33m.[39mrefreshToken)[33m.[39m[34mtoBe[39m([32m'string'[39m)
@norberts-spark/backend:test:unit:     [90m121| [39m        expect(result.expiresIn).toBe(7 * 24 * 60 * 60) // 7 days in s…
@norberts-spark/backend:test:unit:     [90m   | [39m                                 [31m^[39m
@norberts-spark/backend:test:unit:     [90m122| [39m      })
@norberts-spark/backend:test:unit:     [90m123| [39m
@norberts-spark/backend:test:unit: 
@norberts-spark/backend:test:unit: [31m[2m⎯⎯⎯⎯⎯⎯⎯⎯⎯⎯⎯⎯⎯⎯⎯⎯⎯⎯⎯⎯⎯⎯⎯⎯[1/3]⎯[22m[39m
@norberts-spark/backend:test:unit: 
@norberts-spark/backend:test:unit: [41m[1m FAIL [22m[49m test/application/use-cases/login-user.use-case.test.ts[2m > [22mLoginUserUseCase[2m > [22mexecute()[2m > [22mrefresh token generation[2m > [22mshould return correct expiresIn value (7 days)
@norberts-spark/backend:test:unit: [31m[1mAssertionError[22m: expected Invalid Date to be 604800 // Object.is equality[39m
@norberts-spark/backend:test:unit: 
@norberts-spark/backend:test:unit: 
@norberts-spark/backend:test:unit: [32m- Expected:[39m 
@norberts-spark/backend:test:unit: 604800
@norberts-spark/backend:test:unit: 
@norberts-spark/backend:test:unit: [31m+ Received:[39m 
@norberts-spark/backend:test:unit: Date { NaN }
@norberts-spark/backend:test:unit: 
@norberts-spark/backend:test:unit: [36m [2m❯[22m test/application/use-cases/login-user.use-case.test.ts:[2m620:34[22m[39m
@norberts-spark/backend:test:unit:     [90m618| [39m        [35mconst[39m result [33m=[39m [35mawait[39m useCase[33m.[39m[34mexecute[39m(dto[33m,[39m auditContext)
@norberts-spark/backend:test:unit:     [90m619| [39m
@norberts-spark/backend:test:unit:     [90m620| [39m        expect(result.expiresIn).toBe(604800) // 7 * 24 * 60 * 60 seco…
@norberts-spark/backend:test:unit:     [90m   | [39m                                 [31m^[39m
@norberts-spark/backend:test:unit:     [90m621| [39m      })
@norberts-spark/backend:test:unit:     [90m622| [39m
@norberts-spark/backend:test:unit: 
@norberts-spark/backend:test:unit: [31m[2m⎯⎯⎯⎯⎯⎯⎯⎯⎯⎯⎯⎯⎯⎯⎯⎯⎯⎯⎯⎯⎯⎯⎯⎯[2/3]⎯[22m[39m
@norberts-spark/backend:test:unit: 
@norberts-spark/backend:test:unit: [41m[1m FAIL [22m[49m test/application/use-cases/login-user.use-case.test.ts[2m > [22mLoginUserUseCase[2m > [22mexecute()[2m > [22mrefresh token generation[2m > [22mshould set correct expiration date (7 days from now)
@norberts-spark/backend:test:unit: [31m[1mAssertionError[22m: expected NaN to be greater than or equal to 1773009600119[39m
@norberts-spark/backend:test:unit: [36m [2m❯[22m test/application/use-cases/login-user.use-case.test.ts:[2m675:27[22m[39m
@norberts-spark/backend:test:unit:     [90m673| [39m        [35mconst[39m expectedMax [33m=[39m afterLogin [33m+[39m [34m7[39m [33m*[39m [34m24[39m [33m*[39m [34m60[39m [33m*[39m [34m60[39m [33m*[39m [34m1000[39m [33m+[39m [34m1000[39m
@norberts-spark/backend:test:unit:     [90m674| [39m
@norberts-spark/backend:test:unit:     [90m675| [39m        [34mexpect[39m(expiresAt)[33m.[39m[34mtoBeGreaterThanOrEqual[39m(expectedMin)
@norberts-spark/backend:test:unit:     [90m   | [39m                          [31m^[39m
@norberts-spark/backend:test:unit:     [90m676| [39m        [34mexpect[39m(expiresAt)[33m.[39m[34mtoBeLessThanOrEqual[39m(expectedMax)
@norberts-spark/backend:test:unit:     [90m677| [39m      })
@norberts-spark/backend:test:unit: 
@norberts-spark/backend:test:unit: [31m[2m⎯⎯⎯⎯⎯⎯⎯⎯⎯⎯⎯⎯⎯⎯⎯⎯⎯⎯⎯⎯⎯⎯⎯⎯[3/3]⎯[22m[39m
@norberts-spark/backend:test:unit: 
@norberts-spark/backend:test:unit: [2m Test Files [22m [1m[31m1 failed[39m[22m[2m | [22m[1m[32m112 passed[39m[22m[90m (113)[39m
@norberts-spark/backend:test:unit: [2m      Tests [22m [1m[31m3 failed[39m[22m[2m | [22m[1m[32m4083 passed[39m[22m[90m (4086)[39m
@norberts-spark/backend:test:unit: [2m   Start at [22m 22:39:43
@norberts-spark/backend:test:unit: [2m   Duration [22m 45.32s[2m (transform 17.16s, setup 4.96s, import 105.08s, tests 172.88s, environment 74ms)[22m
@norberts-spark/backend:test:unit: 
@norberts-spark/backend:test:unit:  ELIFECYCLE  Command failed with exit code 1.
@norberts-spark/backend:test:unit: ERROR: command finished with error: command (/Applications/MAMP/htdocs/norberts-spark/apps/backend) /Users/andywalpole/.nvm/versions/node/v24.12.0/bin/pnpm run test:unit exited (1)
@norberts-spark/backend#test:unit: command (/Applications/MAMP/htdocs/norberts-spark/apps/backend) /Users/andywalpole/.nvm/versions/node/v24.12.0/bin/pnpm run test:unit exited (1)

 Tasks:    1 successful, 2 total
Cached:    1 cached, 2 total
  Time:    47.123s 
Failed:    @norberts-spark/backend#test:unit

 ERROR  run failed: command  exited (1)
 ELIFECYCLE  Test failed. See above for more details.
